Component: ARM Compiler 5.06 update 6 (build 750) Tool: armlink [4d35ed]

==============================================================================

Section Cross References

    main.o(i.Delay) refers to main.o(.data) for msTicksInDelay
    main.o(i.DisplayCurrentMag) refers to mag.o(i.mag_read) for mag_read
    main.o(i.DisplayCurrentMag) refers to main.o(i.Delay) for Delay
    main.o(i.DisplayCurrentMag) refers to fflti.o(.text) for __aeabi_i2f
    main.o(i.DisplayCurrentMag) refers to f2d.o(.text) for __aeabi_f2d
    main.o(i.DisplayCurrentMag) refers to ddiv.o(.text) for __aeabi_ddiv
    main.o(i.DisplayCurrentMag) refers to d2f.o(.text) for __aeabi_d2f
    main.o(i.DisplayCurrentMag) refers to pow.o(i.pow) for pow
    main.o(i.DisplayCurrentMag) refers to daddsub.o(.text) for __aeabi_dadd
    main.o(i.DisplayCurrentMag) refers to sqrt.o(i.sqrt) for sqrt
    main.o(i.DisplayCurrentMag) refers to dmul.o(.text) for __aeabi_dmul
    main.o(i.DisplayCurrentMag) refers to floor.o(i.floor) for floor
    main.o(i.DisplayCurrentMag) refers to drlef.o(x$fpl$drleqf) for __aeabi_cdrcmple
    main.o(i.DisplayCurrentMag) refers to ceil.o(i.ceil) for ceil
    main.o(i.DisplayCurrentMag) refers to ffixi.o(.text) for __aeabi_f2iz
    main.o(i.DisplayCurrentMag) refers to lcd.o(i.SegLCD_DisplayDecimal) for SegLCD_DisplayDecimal
    main.o(i.DisplayCurrentMag) refers to main.o(.data) for xread
    main.o(i.SysTick_Configuration) refers to main.o(i.__NVIC_SetPriority) for __NVIC_SetPriority
    main.o(i.SysTick_Handler) refers to main.o(.data) for msTicks
    main.o(i.init_SysTick_interrupt) refers to aeabi_sdiv.o(.text) for __aeabi_uidivmod
    main.o(i.init_SysTick_interrupt) refers to system_mkl46z4.o(.data) for SystemCoreClock
    main.o(i.initial) refers to lcd.o(i.SegLCD_Init) for SegLCD_Init
    main.o(i.initial) refers to mag.o(i.mag_init) for mag_init
    main.o(i.initial) refers to main.o(i.init_SysTick_interrupt) for init_SysTick_interrupt
    main.o(i.main) refers to main.o(i.SystemClockConfiguration) for SystemClockConfiguration
    main.o(i.main) refers to main.o(i.initial) for initial
    main.o(i.main) refers to main.o(i.DisplayCurrentMag) for DisplayCurrentMag
    lcd.o(i.DisplayMinusSymbol) refers to lcd.o(.constdata) for LCD_Frontplane_Pin
    lcd.o(i.SegLCD_DisplayDecimal) refers to lcd.o(i.SegLCD_DisplayError) for SegLCD_DisplayError
    lcd.o(i.SegLCD_DisplayDecimal) refers to aeabi_sdiv.o(.text) for __aeabi_idivmod
    lcd.o(i.SegLCD_DisplayDecimal) refers to lcd.o(i.SegLCD_Set) for SegLCD_Set
    lcd.o(i.SegLCD_DisplayError) refers to lcd.o(i.SegLCD_Set) for SegLCD_Set
    lcd.o(i.SegLCD_DisplayHex) refers to lcd.o(i.SegLCD_Set) for SegLCD_Set
    lcd.o(i.SegLCD_DisplayTime) refers to lcd.o(i.SegLCD_DisplayError) for SegLCD_DisplayError
    lcd.o(i.SegLCD_DisplayTime) refers to aeabi_sdiv.o(.text) for __aeabi_idivmod
    lcd.o(i.SegLCD_DisplayTime) refers to lcd.o(i.SegLCD_Set) for SegLCD_Set
    lcd.o(i.SegLCD_Set) refers to lcd.o(i.SegLCD_DisplayError) for SegLCD_DisplayError
    lcd.o(i.SegLCD_Set) refers to lcd.o(.constdata) for LCD_Frontplane_Pin
    mag.o(i.mag_calib) refers to mag.o(i.mag_read) for mag_read
    mag.o(i.mag_calib) refers to mag.o(i.mag_set) for mag_set
    mag.o(i.mag_init) refers to i2c.o(i.InitI2C) for InitI2C
    mag.o(i.mag_init) refers to mag.o(i.mag_set) for mag_set
    mag.o(i.mag_read) refers to i2c.o(i.WriteToI2C) for WriteToI2C
    mag.o(i.mag_read) refers to i2c.o(i.I2CWait) for I2CWait
    mag.o(i.mag_read) refers to i2c.o(i.I2C_Get_Ack) for I2C_Get_Ack
    mag.o(i.mag_read) refers to mag.o(i.pause) for pause
    mag.o(i.mag_set) refers to i2c.o(i.WriteToI2C) for WriteToI2C
    mag.o(i.mag_set) refers to i2c.o(i.I2CWait) for I2CWait
    mag.o(i.mag_set) refers to i2c.o(i.I2C_Get_Ack) for I2C_Get_Ack
    mag.o(i.mag_set) refers to mag.o(i.pause) for pause
    mma8451q.o(i.mma8451_IRQ_handler) refers to mma8451q.o(.data) for data_ready_flag
    mma8451q.o(i.mma8451_get_data) refers to mma8451q.o(i.mma8451q_read) for mma8451q_read
    mma8451q.o(i.mma8451_get_data) refers to fflti.o(.text) for __aeabi_i2f
    mma8451q.o(i.mma8451_get_data) refers to fdiv.o(.text) for __aeabi_fdiv
    mma8451q.o(i.mma8451_get_data) refers to mma8451q.o(.data) for data_ready_flag
    mma8451q.o(i.mma8451q_calib) refers to mma8451q.o(i.mma8451q_read) for mma8451q_read
    mma8451q.o(i.mma8451q_calib) refers to fflti.o(.text) for __aeabi_i2f
    mma8451q.o(i.mma8451q_calib) refers to mma8451q.o(i.mma8451q_set) for mma8451q_set
    mma8451q.o(i.mma8451q_calib) refers to ffixui.o(.text) for __aeabi_f2uiz
    mma8451q.o(i.mma8451q_init) refers to i2c.o(i.InitI2C) for InitI2C
    mma8451q.o(i.mma8451q_init) refers to mma8451q.o(i.mma8451_intc_cfg) for mma8451_intc_cfg
    mma8451q.o(i.mma8451q_init) refers to mma8451q.o(i.mma8451q_set) for mma8451q_set
    mma8451q.o(i.mma8451q_init) refers to mma8451q.o(i.mma8451q_read) for mma8451q_read
    mma8451q.o(i.mma8451q_read) refers to i2c.o(i.WriteToI2C) for WriteToI2C
    mma8451q.o(i.mma8451q_read) refers to i2c.o(i.I2CWait) for I2CWait
    mma8451q.o(i.mma8451q_read) refers to i2c.o(i.I2C_Get_Ack) for I2C_Get_Ack
    mma8451q.o(i.mma8451q_read) refers to mma8451q.o(i.pause) for pause
    mma8451q.o(i.mma8451q_set) refers to i2c.o(i.WriteToI2C) for WriteToI2C
    mma8451q.o(i.mma8451q_set) refers to i2c.o(i.I2CWait) for I2CWait
    mma8451q.o(i.mma8451q_set) refers to i2c.o(i.I2C_Get_Ack) for I2C_Get_Ack
    mma8451q.o(i.mma8451q_set) refers to mma8451q.o(i.pause) for pause
    startup_mkl46z4.o(RESET) refers to startup_mkl46z4.o(.text) for Reset_Handler
    startup_mkl46z4.o(RESET) refers to main.o(i.SysTick_Handler) for SysTick_Handler
    startup_mkl46z4.o(.text) refers to startup_mkl46z4.o(FlashConfig) for FlashConfig
    startup_mkl46z4.o(.text) refers to startup_mkl46z4.o(RESET) for __Vectors
    startup_mkl46z4.o(.text) refers to system_mkl46z4.o(i.SystemInit) for SystemInit
    startup_mkl46z4.o(.text) refers to __main.o(!!!main) for __main
    system_mkl46z4.o(i.SystemCoreClockUpdate) refers to aeabi_sdiv.o(.text) for __aeabi_uidivmod
    system_mkl46z4.o(i.SystemCoreClockUpdate) refers to system_mkl46z4.o(i.__ARM_common_switch8) for __ARM_common_switch8
    system_mkl46z4.o(i.SystemCoreClockUpdate) refers to system_mkl46z4.o(.data) for SystemCoreClock
    system_mkl46z4.o(i.SystemInit) refers to system_mkl46z4.o(i.SystemInitHook) for SystemInitHook
    __main.o(!!!main) refers to __rtentry.o(.ARM.Collect$$rtentry$$00000000) for __rt_entry
    d2f.o(.text) refers (Special) to usenofp.o(x$fpl$usenofp) for __I$use$fp
    daddsub.o(.text) refers (Special) to usenofp.o(x$fpl$usenofp) for __I$use$fp
    ddiv.o(.text) refers (Special) to usenofp.o(x$fpl$usenofp) for __I$use$fp
    ddiv.o(.text) refers to ddiv.o(.constdata) for .constdata
    ddiv.o(.constdata) refers (Special) to usenofp.o(x$fpl$usenofp) for __I$use$fp
    dmul.o(.text) refers (Special) to usenofp.o(x$fpl$usenofp) for __I$use$fp
    drlef.o(x$fpl$drleqf) refers (Special) to usenofp.o(x$fpl$usenofp) for __I$use$fp
    drlef.o(x$fpl$drleqf) refers to dcmpin.o(.text) for __fpl_dcmp_InfNaN
    f2d.o(.text) refers (Special) to usenofp.o(x$fpl$usenofp) for __I$use$fp
    fdiv.o(.text) refers (Special) to usenofp.o(x$fpl$usenofp) for __I$use$fp
    fdiv.o(.text) refers to fdiv.o(.constdata) for .constdata
    fdiv.o(.constdata) refers (Special) to usenofp.o(x$fpl$usenofp) for __I$use$fp
    ffixi.o(.text) refers (Special) to usenofp.o(x$fpl$usenofp) for __I$use$fp
    ffixui.o(.text) refers (Special) to usenofp.o(x$fpl$usenofp) for __I$use$fp
    fflti.o(.text) refers (Special) to usenofp.o(x$fpl$usenofp) for __I$use$fp
    ceil.o(i.__softfp_ceil) refers (Special) to usenofp.o(x$fpl$usenofp) for __I$use$fp
    ceil.o(i.__softfp_ceil) refers to ceil.o(i.ceil) for ceil
    ceil.o(i.ceil) refers (Special) to usenofp.o(x$fpl$usenofp) for __I$use$fp
    ceil.o(i.ceil) refers to daddsub.o(.text) for __aeabi_dadd
    ceil.o(i.ceil) refers to drlef.o(x$fpl$drleqf) for __aeabi_cdrcmple
    floor.o(i.__softfp_floor) refers (Special) to usenofp.o(x$fpl$usenofp) for __I$use$fp
    floor.o(i.__softfp_floor) refers to floor.o(i.floor) for floor
    floor.o(i.floor) refers (Special) to usenofp.o(x$fpl$usenofp) for __I$use$fp
    floor.o(i.floor) refers to daddsub.o(.text) for __aeabi_dadd
    floor.o(i.floor) refers to drlef.o(x$fpl$drleqf) for __aeabi_cdrcmple
    pow.o(i.__softfp_pow) refers (Special) to usenofp.o(x$fpl$usenofp) for __I$use$fp
    pow.o(i.__softfp_pow) refers to pow.o(i.pow) for pow
    pow.o(i.pow) refers (Special) to usenofp.o(x$fpl$usenofp) for __I$use$fp
    pow.o(i.pow) refers to dunder.o(i.__mathlib_dbl_infnan2) for __mathlib_dbl_infnan2
    pow.o(i.pow) refers to _rserrno.o(.text) for __set_errno
    pow.o(i.pow) refers to dunder.o(i.__mathlib_dbl_divzero) for __mathlib_dbl_divzero
    pow.o(i.pow) refers to ddiv.o(.text) for __aeabi_ddiv
    pow.o(i.pow) refers to sqrt.o(i.sqrt) for sqrt
    pow.o(i.pow) refers to dflti.o(.text) for __aeabi_i2d
    pow.o(i.pow) refers to dunder.o(i.__mathlib_dbl_invalid) for __mathlib_dbl_invalid
    pow.o(i.pow) refers to dunder.o(i.__mathlib_dbl_overflow) for __mathlib_dbl_overflow
    pow.o(i.pow) refers to dmul.o(.text) for __aeabi_dmul
    pow.o(i.pow) refers to dunder.o(i.__mathlib_dbl_underflow) for __mathlib_dbl_underflow
    pow.o(i.pow) refers to daddsub.o(.text) for __aeabi_dsub
    pow.o(i.pow) refers to dscalbn.o(.text) for __ARM_scalbn
    pow.o(i.pow) refers to qnan.o(.constdata) for __mathlib_zero
    pow.o(i.pow) refers to poly.o(i.__kernel_poly) for __kernel_poly
    pow.o(i.pow) refers to drlef.o(x$fpl$drleqf) for __aeabi_cdrcmple
    pow.o(i.pow) refers to pow.o(.constdata) for .constdata
    pow.o(i.pow) refers to fpclassify.o(i.__ARM_fpclassify) for __ARM_fpclassify
    pow.o(.constdata) refers (Special) to usenofp.o(x$fpl$usenofp) for __I$use$fp
    pow_x.o(i.____softfp_pow$lsc) refers (Special) to usenofp.o(x$fpl$usenofp) for __I$use$fp
    pow_x.o(i.____softfp_pow$lsc) refers to pow_x.o(i.__pow$lsc) for __pow$lsc
    pow_x.o(i.__pow$lsc) refers (Special) to usenofp.o(x$fpl$usenofp) for __I$use$fp
    pow_x.o(i.__pow$lsc) refers to dunder.o(i.__mathlib_dbl_infnan2) for __mathlib_dbl_infnan2
    pow_x.o(i.__pow$lsc) refers to _rserrno.o(.text) for __set_errno
    pow_x.o(i.__pow$lsc) refers to ddiv.o(.text) for __aeabi_ddiv
    pow_x.o(i.__pow$lsc) refers to sqrt.o(i.sqrt) for sqrt
    pow_x.o(i.__pow$lsc) refers to dflti.o(.text) for __aeabi_i2d
    pow_x.o(i.__pow$lsc) refers to dmul.o(.text) for __aeabi_dmul
    pow_x.o(i.__pow$lsc) refers to daddsub.o(.text) for __aeabi_dsub
    pow_x.o(i.__pow$lsc) refers to dscalbn.o(.text) for __ARM_scalbn
    pow_x.o(i.__pow$lsc) refers to qnan.o(.constdata) for __mathlib_zero
    pow_x.o(i.__pow$lsc) refers to poly.o(i.__kernel_poly) for __kernel_poly
    pow_x.o(i.__pow$lsc) refers to drlef.o(x$fpl$drleqf) for __aeabi_cdrcmple
    pow_x.o(i.__pow$lsc) refers to pow_x.o(.constdata) for .constdata
    pow_x.o(.constdata) refers (Special) to usenofp.o(x$fpl$usenofp) for __I$use$fp
    sqrt.o(i.__softfp_sqrt) refers (Special) to usenofp.o(x$fpl$usenofp) for __I$use$fp
    sqrt.o(i.__softfp_sqrt) refers to dsqrt.o(.text) for _dsqrt
    sqrt.o(i.__softfp_sqrt) refers to _rserrno.o(.text) for __set_errno
    sqrt.o(i.sqrt) refers (Special) to usenofp.o(x$fpl$usenofp) for __I$use$fp
    sqrt.o(i.sqrt) refers to dsqrt.o(.text) for _dsqrt
    sqrt.o(i.sqrt) refers to _rserrno.o(.text) for __set_errno
    sqrt_x.o(i.____softfp_sqrt$lsc) refers (Special) to usenofp.o(x$fpl$usenofp) for __I$use$fp
    sqrt_x.o(i.____softfp_sqrt$lsc) refers to dlef.o(x$fpl$dleqf) for __aeabi_cdcmple
    sqrt_x.o(i.____softfp_sqrt$lsc) refers to _rserrno.o(.text) for __set_errno
    sqrt_x.o(i.____softfp_sqrt$lsc) refers to dsqrt.o(.text) for _dsqrt
    sqrt_x.o(i.__sqrt$lsc) refers (Special) to usenofp.o(x$fpl$usenofp) for __I$use$fp
    sqrt_x.o(i.__sqrt$lsc) refers to dlef.o(x$fpl$dleqf) for __aeabi_cdcmple
    sqrt_x.o(i.__sqrt$lsc) refers to _rserrno.o(.text) for __set_errno
    sqrt_x.o(i.__sqrt$lsc) refers to dsqrt.o(.text) for _dsqrt
    __rtentry.o(.ARM.Collect$$rtentry$$00000000) refers (Special) to __rtentry2.o(.ARM.Collect$$rtentry$$0000000A) for __rt_entry_li
    __rtentry.o(.ARM.Collect$$rtentry$$00000000) refers (Special) to __rtentry2.o(.ARM.Collect$$rtentry$$0000000D) for __rt_entry_main
    __rtentry.o(.ARM.Collect$$rtentry$$00000000) refers (Special) to __rtentry2.o(.ARM.Collect$$rtentry$$0000000C) for __rt_entry_postli_1
    __rtentry.o(.ARM.Collect$$rtentry$$00000000) refers (Special) to __rtentry2.o(.ARM.Collect$$rtentry$$00000009) for __rt_entry_postsh_1
    __rtentry.o(.ARM.Collect$$rtentry$$00000000) refers (Special) to __rtentry2.o(.ARM.Collect$$rtentry$$00000002) for __rt_entry_presh_1
    __rtentry.o(.ARM.Collect$$rtentry$$00000000) refers (Special) to __rtentry7.o(.ARM.Collect$$rtentry$$00000007) for __rt_entry_sh
    aeabi_idiv0_sigfpe.o(.text) refers to rt_div0.o(.text) for __rt_div0
    _rserrno.o(.text) refers to rt_errno_addr_intlibspace.o(.text) for __aeabi_errno_addr
    dcmpin.o(.text) refers (Special) to usenofp.o(x$fpl$usenofp) for __I$use$fp
    dcmpin.o(.text) refers to cmpret.o(.text) for __fpl_cmpreturn
    dcmpin.o(.text) refers to dnan2.o(.text) for __fpl_dcheck_NaN2
    dflti.o(.text) refers (Special) to usenofp.o(x$fpl$usenofp) for __I$use$fp
    dlef.o(x$fpl$dleqf) refers (Special) to usenofp.o(x$fpl$usenofp) for __I$use$fp
    dlef.o(x$fpl$dleqf) refers to dcmpin.o(.text) for __fpl_dcmp_InfNaN
    dscalbn.o(.text) refers (Special) to usenofp.o(x$fpl$usenofp) for __I$use$fp
    dsqrt.o(.text) refers (Special) to usenofp.o(x$fpl$usenofp) for __I$use$fp
    dunder.o(i.__mathlib_dbl_divzero) refers to ddiv.o(.text) for __aeabi_ddiv
    dunder.o(i.__mathlib_dbl_infnan) refers to dscalbn.o(.text) for __ARM_scalbn
    dunder.o(i.__mathlib_dbl_infnan2) refers to daddsub.o(.text) for __aeabi_dadd
    dunder.o(i.__mathlib_dbl_invalid) refers to ddiv.o(.text) for __aeabi_ddiv
    dunder.o(i.__mathlib_dbl_overflow) refers to dscalbn.o(.text) for __ARM_scalbn
    dunder.o(i.__mathlib_dbl_posinfnan) refers to dmul.o(.text) for __aeabi_dmul
    dunder.o(i.__mathlib_dbl_underflow) refers to dscalbn.o(.text) for __ARM_scalbn
    fpclassify.o(i.__ARM_fpclassify) refers (Special) to usenofp.o(x$fpl$usenofp) for __I$use$fp
    poly.o(i.__kernel_poly) refers (Special) to usenofp.o(x$fpl$usenofp) for __I$use$fp
    poly.o(i.__kernel_poly) refers to dmul.o(.text) for __aeabi_dmul
    poly.o(i.__kernel_poly) refers to daddsub.o(.text) for __aeabi_dadd
    qnan.o(.constdata) refers (Special) to usenofp.o(x$fpl$usenofp) for __I$use$fp
    __rtentry2.o(.ARM.Collect$$rtentry$$00000008) refers to boardinit2.o(.text) for _platform_post_stackheap_init
    __rtentry2.o(.ARM.Collect$$rtentry$$0000000A) refers to libinit.o(.ARM.Collect$$libinit$$00000000) for __rt_lib_init
    __rtentry2.o(.ARM.Collect$$rtentry$$0000000B) refers to boardinit3.o(.text) for _platform_post_lib_init
    __rtentry2.o(.ARM.Collect$$rtentry$$0000000D) refers to main.o(i.main) for main
    __rtentry2.o(.ARM.Collect$$rtentry$$0000000D) refers to exit.o(.text) for exit
    __rtentry2.o(.ARM.exidx) refers to __rtentry2.o(.ARM.Collect$$rtentry$$00000001) for .ARM.Collect$$rtentry$$00000001
    __rtentry2.o(.ARM.exidx) refers to __rtentry2.o(.ARM.Collect$$rtentry$$00000008) for .ARM.Collect$$rtentry$$00000008
    __rtentry2.o(.ARM.exidx) refers to __rtentry2.o(.ARM.Collect$$rtentry$$0000000A) for .ARM.Collect$$rtentry$$0000000A
    __rtentry2.o(.ARM.exidx) refers to __rtentry2.o(.ARM.Collect$$rtentry$$0000000B) for .ARM.Collect$$rtentry$$0000000B
    __rtentry2.o(.ARM.exidx) refers to __rtentry2.o(.ARM.Collect$$rtentry$$0000000D) for .ARM.Collect$$rtentry$$0000000D
    __rtentry4.o(.ARM.Collect$$rtentry$$00000004) refers to sys_stackheap_outer.o(.text) for __user_setup_stackheap
    __rtentry4.o(.ARM.exidx) refers to __rtentry4.o(.ARM.Collect$$rtentry$$00000004) for .ARM.Collect$$rtentry$$00000004
    __rtentry7.o(.ARM.Collect$$rtentry$$00000007) refers to __rtentry7.o(.ARM.Collect$$rtentry$$00002718) for __lit__00000000
    __rtentry7.o(__vectab_stack_and_reset_2_area) refers to __main.o(!!!main) for __main
    __rtentry7.o(.ARM.exidx) refers to __rtentry7.o(.ARM.Collect$$rtentry$$00000007) for .ARM.Collect$$rtentry$$00000007
    __rtentry7.o(.ARM.exidx) refers to __rtentry7.o(.ARM.Collect$$rtentry$$00002718) for .ARM.Collect$$rtentry$$00002718
    rt_div0.o(.text) refers to defsig_fpe_outer.o(.text) for __rt_SIGFPE
    rt_errno_addr.o(.text) refers to rt_errno_addr.o(.bss) for __aeabi_errno_addr_data
    rt_errno_addr_intlibspace.o(.text) refers to libspace.o(.bss) for __libspace_start
    cmpret.o(.text) refers (Special) to usenofp.o(x$fpl$usenofp) for __I$use$fp
    dnan2.o(.text) refers (Special) to usenofp.o(x$fpl$usenofp) for __I$use$fp
    dnan2.o(.text) refers to retnan.o(.text) for __fpl_return_NaN
    libspace.o(.text) refers to libspace.o(.bss) for __libspace_start
    sys_stackheap_outer.o(.text) refers to libspace.o(.text) for __user_perproc_libspace
    sys_stackheap_outer.o(.text) refers to sys_stackheap.o(.text) for __user_initial_stackheap
    sys_stackheap_outer.o(__vectab_stack_and_reset_area) refers to tempstk.o(.text) for __temporary_stack_top
    sys_stackheap_outer.o(__vectab_stack_and_reset_area) refers to __main.o(!!!main) for __main
    exit.o(.text) refers to rtexit.o(.ARM.Collect$$rtexit$$00000000) for __rt_exit
    defsig_fpe_outer.o(.text) refers to defsig_fpe_inner.o(.text) for __rt_SIGFPE_inner
    defsig_fpe_outer.o(.text) refers to defsig_exit.o(.text) for __sig_exit
    defsig_fpe_formal.o(.text) refers to rt_raise.o(.text) for __rt_raise
    libinit.o(.ARM.Collect$$libinit$$00000000) refers (Special) to libinit2.o(.ARM.Collect$$libinit$$0000002E) for __rt_lib_init_alloca_1
    libinit.o(.ARM.Collect$$libinit$$00000000) refers (Special) to libinit2.o(.ARM.Collect$$libinit$$0000002C) for __rt_lib_init_argv_1
    libinit.o(.ARM.Collect$$libinit$$00000000) refers (Special) to libinit2.o(.ARM.Collect$$libinit$$0000001B) for __rt_lib_init_atexit_1
    libinit.o(.ARM.Collect$$libinit$$00000000) refers (Special) to libinit2.o(.ARM.Collect$$libinit$$00000021) for __rt_lib_init_clock_1
    libinit.o(.ARM.Collect$$libinit$$00000000) refers (Special) to libinit2.o(.ARM.Collect$$libinit$$00000032) for __rt_lib_init_cpp_1
    libinit.o(.ARM.Collect$$libinit$$00000000) refers (Special) to libinit2.o(.ARM.Collect$$libinit$$00000030) for __rt_lib_init_exceptions_1
    libinit.o(.ARM.Collect$$libinit$$00000000) refers (Special) to libinit2.o(.ARM.Collect$$libinit$$00000002) for __rt_lib_init_fp_1
    libinit.o(.ARM.Collect$$libinit$$00000000) refers (Special) to libinit2.o(.ARM.Collect$$libinit$$0000001F) for __rt_lib_init_fp_trap_1
    libinit.o(.ARM.Collect$$libinit$$00000000) refers (Special) to libinit2.o(.ARM.Collect$$libinit$$00000023) for __rt_lib_init_getenv_1
    libinit.o(.ARM.Collect$$libinit$$00000000) refers (Special) to libinit2.o(.ARM.Collect$$libinit$$0000000A) for __rt_lib_init_heap_1
    libinit.o(.ARM.Collect$$libinit$$00000000) refers (Special) to libinit2.o(.ARM.Collect$$libinit$$00000011) for __rt_lib_init_lc_collate_1
    libinit.o(.ARM.Collect$$libinit$$00000000) refers (Special) to libinit2.o(.ARM.Collect$$libinit$$00000013) for __rt_lib_init_lc_ctype_1
    libinit.o(.ARM.Collect$$libinit$$00000000) refers (Special) to libinit2.o(.ARM.Collect$$libinit$$00000015) for __rt_lib_init_lc_monetary_1
    libinit.o(.ARM.Collect$$libinit$$00000000) refers (Special) to libinit2.o(.ARM.Collect$$libinit$$00000017) for __rt_lib_init_lc_numeric_1
    libinit.o(.ARM.Collect$$libinit$$00000000) refers (Special) to libinit2.o(.ARM.Collect$$libinit$$00000019) for __rt_lib_init_lc_time_1
    libinit.o(.ARM.Collect$$libinit$$00000000) refers (Special) to libinit2.o(.ARM.Collect$$libinit$$00000004) for __rt_lib_init_preinit_1
    libinit.o(.ARM.Collect$$libinit$$00000000) refers (Special) to libinit2.o(.ARM.Collect$$libinit$$0000000E) for __rt_lib_init_rand_1
    libinit.o(.ARM.Collect$$libinit$$00000000) refers (Special) to libinit2.o(.ARM.Collect$$libinit$$00000033) for __rt_lib_init_return
    libinit.o(.ARM.Collect$$libinit$$00000000) refers (Special) to libinit2.o(.ARM.Collect$$libinit$$0000001D) for __rt_lib_init_signal_1
    libinit.o(.ARM.Collect$$libinit$$00000000) refers (Special) to libinit2.o(.ARM.Collect$$libinit$$00000025) for __rt_lib_init_stdio_1
    libinit.o(.ARM.Collect$$libinit$$00000000) refers (Special) to libinit2.o(.ARM.Collect$$libinit$$0000000C) for __rt_lib_init_user_alloc_1
    retnan.o(.text) refers (Special) to usenofp.o(x$fpl$usenofp) for __I$use$fp
    retnan.o(.text) refers to cmpret.o(.text) for __fpl_cmpreturn
    sys_stackheap.o(.text) refers (Special) to indicate_semi.o(.text) for __semihosting_library_function
    sys_stackheap.o(.text) refers to use_no_semi.o(.text) for __I$use$semihosting
    rtexit.o(.ARM.Collect$$rtexit$$00000000) refers (Special) to rtexit2.o(.ARM.Collect$$rtexit$$00000004) for __rt_exit_exit
    rtexit.o(.ARM.Collect$$rtexit$$00000000) refers (Special) to rtexit2.o(.ARM.Collect$$rtexit$$00000003) for __rt_exit_ls
    rtexit.o(.ARM.Collect$$rtexit$$00000000) refers (Special) to rtexit2.o(.ARM.Collect$$rtexit$$00000002) for __rt_exit_prels_1
    rtexit.o(.ARM.exidx) refers (Special) to rtexit2.o(.ARM.Collect$$rtexit$$00000004) for __rt_exit_exit
    rtexit.o(.ARM.exidx) refers (Special) to rtexit2.o(.ARM.Collect$$rtexit$$00000003) for __rt_exit_ls
    rtexit.o(.ARM.exidx) refers (Special) to rtexit2.o(.ARM.Collect$$rtexit$$00000002) for __rt_exit_prels_1
    rtexit.o(.ARM.exidx) refers to rtexit.o(.ARM.Collect$$rtexit$$00000000) for .ARM.Collect$$rtexit$$00000000
    rt_raise.o(.text) refers to __raise.o(.text) for __raise
    rt_raise.o(.text) refers to sys_exit.o(.text) for _sys_exit
    defsig_exit.o(.text) refers to sys_exit.o(.text) for _sys_exit
    defsig_fpe_inner.o(.text) refers to defsig_general.o(.text) for __default_signal_display
    libinit2.o(.ARM.Collect$$libinit$$00000010) refers to libinit2.o(.ARM.Collect$$libinit$$0000000F) for .ARM.Collect$$libinit$$0000000F
    libinit2.o(.ARM.Collect$$libinit$$00000012) refers to libinit2.o(.ARM.Collect$$libinit$$0000000F) for .ARM.Collect$$libinit$$0000000F
    libinit2.o(.ARM.Collect$$libinit$$00000014) refers to libinit2.o(.ARM.Collect$$libinit$$0000000F) for .ARM.Collect$$libinit$$0000000F
    libinit2.o(.ARM.Collect$$libinit$$00000016) refers to libinit2.o(.ARM.Collect$$libinit$$0000000F) for .ARM.Collect$$libinit$$0000000F
    libinit2.o(.ARM.Collect$$libinit$$00000018) refers to libinit2.o(.ARM.Collect$$libinit$$0000000F) for .ARM.Collect$$libinit$$0000000F
    libinit2.o(.ARM.Collect$$libinit$$00000026) refers to argv_veneer.o(.text) for __ARM_argv_veneer
    libinit2.o(.ARM.Collect$$libinit$$00000027) refers to argv_veneer.o(.text) for __ARM_argv_veneer
    libinit5.o(.ARM.Collect$$libinit$$00000008) refers to libinit5.o(.ARM.Collect$$libinit$$00002719) for __lit__00000000
    libinit5.o(.ARM.Collect$$libinit$$0000002A) refers to libinit5.o(.ARM.Collect$$libinit$$0000273B) for __lit__00000002
    libinit5.o(.ARM.Collect$$libinit$$0000002A) refers to argv_veneer.o(.text) for __ARM_argv_veneer
    sys_exit.o(.text) refers (Special) to use_no_semi.o(.text) for __I$use$semihosting
    sys_exit.o(.text) refers (Special) to indicate_semi.o(.text) for __semihosting_library_function
    rtexit2.o(.ARM.Collect$$rtexit$$00000003) refers to libshutdown.o(.ARM.Collect$$libshutdown$$00000000) for __rt_lib_shutdown
    rtexit2.o(.ARM.Collect$$rtexit$$00000004) refers to sys_exit.o(.text) for _sys_exit
    rtexit2.o(.ARM.exidx) refers to rtexit2.o(.ARM.Collect$$rtexit$$00000001) for .ARM.Collect$$rtexit$$00000001
    rtexit2.o(.ARM.exidx) refers to rtexit2.o(.ARM.Collect$$rtexit$$00000003) for .ARM.Collect$$rtexit$$00000003
    rtexit2.o(.ARM.exidx) refers to rtexit2.o(.ARM.Collect$$rtexit$$00000004) for .ARM.Collect$$rtexit$$00000004
    __raise.o(.text) refers to defsig.o(CL$$defsig) for __default_signal_handler
    defsig_general.o(.text) refers to sys_wrch.o(.text) for _ttywrch
    sys_wrch.o(.text) refers (Special) to use_no_semi.o(.text) for __I$use$semihosting
    sys_wrch.o(.text) refers (Special) to indicate_semi.o(.text) for __semihosting_library_function
    defsig.o(CL$$defsig) refers to defsig_fpe_inner.o(.text) for __rt_SIGFPE_inner
    defsig.o(CL$$defsig) refers to defsig_rtmem_inner.o(.text) for __rt_SIGRTMEM_inner
    _get_argv_nomalloc.o(.text) refers (Special) to hrguard.o(.text) for __heap_region$guard
    _get_argv_nomalloc.o(.text) refers to defsig_rtmem_outer.o(.text) for __rt_SIGRTMEM
    _get_argv_nomalloc.o(.text) refers to sys_command.o(.text) for _sys_command_string
    libshutdown.o(.ARM.Collect$$libshutdown$$00000000) refers (Special) to libshutdown2.o(.ARM.Collect$$libshutdown$$00000002) for __rt_lib_shutdown_cpp_1
    libshutdown.o(.ARM.Collect$$libshutdown$$00000000) refers (Special) to libshutdown2.o(.ARM.Collect$$libshutdown$$00000007) for __rt_lib_shutdown_fp_trap_1
    libshutdown.o(.ARM.Collect$$libshutdown$$00000000) refers (Special) to libshutdown2.o(.ARM.Collect$$libshutdown$$0000000F) for __rt_lib_shutdown_heap_1
    libshutdown.o(.ARM.Collect$$libshutdown$$00000000) refers (Special) to libshutdown2.o(.ARM.Collect$$libshutdown$$00000010) for __rt_lib_shutdown_return
    libshutdown.o(.ARM.Collect$$libshutdown$$00000000) refers (Special) to libshutdown2.o(.ARM.Collect$$libshutdown$$0000000A) for __rt_lib_shutdown_signal_1
    libshutdown.o(.ARM.Collect$$libshutdown$$00000000) refers (Special) to libshutdown2.o(.ARM.Collect$$libshutdown$$00000004) for __rt_lib_shutdown_stdio_1
    libshutdown.o(.ARM.Collect$$libshutdown$$00000000) refers (Special) to libshutdown2.o(.ARM.Collect$$libshutdown$$0000000C) for __rt_lib_shutdown_user_alloc_1
    sys_command.o(.text) refers (Special) to use_no_semi.o(.text) for __I$use$semihosting
    sys_command.o(.text) refers (Special) to indicate_semi.o(.text) for __semihosting_library_function
    defsig_abrt_inner.o(.text) refers to defsig_general.o(.text) for __default_signal_display
    defsig_rtred_inner.o(.text) refers to defsig_general.o(.text) for __default_signal_display
    defsig_rtmem_inner.o(.text) refers to defsig_general.o(.text) for __default_signal_display
    defsig_rtmem_outer.o(.text) refers to defsig_rtmem_inner.o(.text) for __rt_SIGRTMEM_inner
    defsig_rtmem_outer.o(.text) refers to defsig_exit.o(.text) for __sig_exit
    defsig_rtmem_formal.o(.text) refers to rt_raise.o(.text) for __rt_raise
    defsig_stak_inner.o(.text) refers to defsig_general.o(.text) for __default_signal_display
    defsig_pvfn_inner.o(.text) refers to defsig_general.o(.text) for __default_signal_display
    defsig_cppl_inner.o(.text) refers to defsig_general.o(.text) for __default_signal_display
    defsig_segv_inner.o(.text) refers to defsig_general.o(.text) for __default_signal_display
    defsig_other.o(.text) refers to defsig_general.o(.text) for __default_signal_display


==============================================================================

Removing Unused input sections from the image.

    Removing main.o(.rev16_text), (4 bytes).
    Removing main.o(.revsh_text), (4 bytes).
    Removing main.o(i.SysTick_Configuration), (40 bytes).
    Removing main.o(i.__NVIC_SetPriority), (120 bytes).
    Removing lcd.o(.rev16_text), (4 bytes).
    Removing lcd.o(.revsh_text), (4 bytes).
    Removing lcd.o(i.DisplayMinusSymbol), (36 bytes).
    Removing lcd.o(i.SegLCD_Clear), (64 bytes).
    Removing lcd.o(i.SegLCD_DisplayHex), (56 bytes).
    Removing lcd.o(i.SegLCD_DisplayTime), (132 bytes).
    Removing mag.o(.rev16_text), (4 bytes).
    Removing mag.o(.revsh_text), (4 bytes).
    Removing mag.o(i.mag_calib), (322 bytes).
    Removing i2c.o(.rev16_text), (4 bytes).
    Removing i2c.o(.revsh_text), (4 bytes).
    Removing mma8451q.o(.rev16_text), (4 bytes).
    Removing mma8451q.o(.revsh_text), (4 bytes).
    Removing mma8451q.o(i.mma8451_IRQ_handler), (32 bytes).
    Removing mma8451q.o(i.mma8451_get_data), (140 bytes).
    Removing mma8451q.o(i.mma8451_intc_cfg), (88 bytes).
    Removing mma8451q.o(i.mma8451q_calib), (244 bytes).
    Removing mma8451q.o(i.mma8451q_init), (64 bytes).
    Removing mma8451q.o(i.mma8451q_read), (156 bytes).
    Removing mma8451q.o(i.mma8451q_set), (108 bytes).
    Removing mma8451q.o(i.pause), (14 bytes).
    Removing mma8451q.o(.data), (1 bytes).
    Removing system_mkl46z4.o(.rev16_text), (4 bytes).
    Removing system_mkl46z4.o(.revsh_text), (4 bytes).
    Removing system_mkl46z4.o(i.SystemCoreClockUpdate), (400 bytes).
    Removing system_mkl46z4.o(i.__ARM_common_switch8), (28 bytes).

30 unused section(s) (total 2093 bytes) removed from the image.

==============================================================================

Image Symbol Table

    Local Symbols

    Symbol Name                              Value     Ov Type        Size  Object(Section)

    RESET                                    0x00000000   Section      192  startup_mkl46z4.o(RESET)
    ../clib/angel/boardlib.s                 0x00000000   Number         0  boardinit3.o ABSOLUTE
    ../clib/angel/boardlib.s                 0x00000000   Number         0  boardinit2.o ABSOLUTE
    ../clib/angel/boardlib.s                 0x00000000   Number         0  boardinit1.o ABSOLUTE
    ../clib/angel/boardlib.s                 0x00000000   Number         0  boardshut.o ABSOLUTE
    ../clib/angel/handlers.s                 0x00000000   Number         0  __scatter_copy.o ABSOLUTE
    ../clib/angel/handlers.s                 0x00000000   Number         0  __scatter_zi.o ABSOLUTE
    ../clib/angel/kernel.s                   0x00000000   Number         0  rtexit.o ABSOLUTE
    ../clib/angel/kernel.s                   0x00000000   Number         0  __rtentry7.o ABSOLUTE
    ../clib/angel/kernel.s                   0x00000000   Number         0  rtexit2.o ABSOLUTE
    ../clib/angel/kernel.s                   0x00000000   Number         0  __rtentry2.o ABSOLUTE
    ../clib/angel/kernel.s                   0x00000000   Number         0  __rtentry4.o ABSOLUTE
    ../clib/angel/kernel.s                   0x00000000   Number         0  __rtentry.o ABSOLUTE
    ../clib/angel/rt.s                       0x00000000   Number         0  rt_div0.o ABSOLUTE
    ../clib/angel/rt.s                       0x00000000   Number         0  rt_errno_addr.o ABSOLUTE
    ../clib/angel/rt.s                       0x00000000   Number         0  rt_raise.o ABSOLUTE
    ../clib/angel/rt.s                       0x00000000   Number         0  rt_errno_addr_intlibspace.o ABSOLUTE
    ../clib/angel/rt.s                       0x00000000   Number         0  aeabi_idiv0_sigfpe.o ABSOLUTE
    ../clib/angel/rt.s                       0x00000000   Number         0  aeabi_idiv0.o ABSOLUTE
    ../clib/angel/scatterp.s                 0x00000000   Number         0  __scatter.o ABSOLUTE
    ../clib/angel/startup.s                  0x00000000   Number         0  __main.o ABSOLUTE
    ../clib/angel/sys.s                      0x00000000   Number         0  indicate_semi.o ABSOLUTE
    ../clib/angel/sys.s                      0x00000000   Number         0  use_no_semi.o ABSOLUTE
    ../clib/angel/sys.s                      0x00000000   Number         0  sys_stackheap.o ABSOLUTE
    ../clib/angel/sys.s                      0x00000000   Number         0  libspace.o ABSOLUTE
    ../clib/angel/sys.s                      0x00000000   Number         0  tempstk.o ABSOLUTE
    ../clib/angel/sys.s                      0x00000000   Number         0  sys_stackheap_outer.o ABSOLUTE
    ../clib/angel/sysapp.c                   0x00000000   Number         0  sys_wrch.o ABSOLUTE
    ../clib/angel/sysapp.c                   0x00000000   Number         0  sys_command.o ABSOLUTE
    ../clib/angel/sysapp.c                   0x00000000   Number         0  sys_exit.o ABSOLUTE
    ../clib/armsys.c                         0x00000000   Number         0  argv_veneer.o ABSOLUTE
    ../clib/armsys.c                         0x00000000   Number         0  no_argv.o ABSOLUTE
    ../clib/armsys.c                         0x00000000   Number         0  _get_argv_nomalloc.o ABSOLUTE
    ../clib/division.s                       0x00000000   Number         0  aeabi_sdiv.o ABSOLUTE
    ../clib/division.s                       0x00000000   Number         0  aeabi_sdiv_div0.o ABSOLUTE
    ../clib/fenv.c                           0x00000000   Number         0  _rserrno.o ABSOLUTE
    ../clib/heapalloc.c                      0x00000000   Number         0  hrguard.o ABSOLUTE
    ../clib/libinit.s                        0x00000000   Number         0  libshutdown.o ABSOLUTE
    ../clib/libinit.s                        0x00000000   Number         0  libshutdown2.o ABSOLUTE
    ../clib/libinit.s                        0x00000000   Number         0  libinit2.o ABSOLUTE
    ../clib/libinit.s                        0x00000000   Number         0  libinit.o ABSOLUTE
    ../clib/libinit.s                        0x00000000   Number         0  libinit5.o ABSOLUTE
    ../clib/signal.c                         0x00000000   Number         0  defsig_other.o ABSOLUTE
    ../clib/signal.c                         0x00000000   Number         0  defsig_general.o ABSOLUTE
    ../clib/signal.c                         0x00000000   Number         0  __raise.o ABSOLUTE
    ../clib/signal.c                         0x00000000   Number         0  defsig_rtmem_formal.o ABSOLUTE
    ../clib/signal.c                         0x00000000   Number         0  defsig_fpe_inner.o ABSOLUTE
    ../clib/signal.c                         0x00000000   Number         0  defsig_exit.o ABSOLUTE
    ../clib/signal.c                         0x00000000   Number         0  defsig_fpe_formal.o ABSOLUTE
    ../clib/signal.c                         0x00000000   Number         0  defsig_abrt_inner.o ABSOLUTE
    ../clib/signal.c                         0x00000000   Number         0  defsig_fpe_outer.o ABSOLUTE
    ../clib/signal.c                         0x00000000   Number         0  defsig_rtred_inner.o ABSOLUTE
    ../clib/signal.c                         0x00000000   Number         0  defsig_rtmem_inner.o ABSOLUTE
    ../clib/signal.c                         0x00000000   Number         0  defsig_rtmem_outer.o ABSOLUTE
    ../clib/signal.c                         0x00000000   Number         0  defsig_stak_inner.o ABSOLUTE
    ../clib/signal.c                         0x00000000   Number         0  defsig_pvfn_inner.o ABSOLUTE
    ../clib/signal.c                         0x00000000   Number         0  defsig_cppl_inner.o ABSOLUTE
    ../clib/signal.c                         0x00000000   Number         0  defsig_segv_inner.o ABSOLUTE
    ../clib/signal.s                         0x00000000   Number         0  defsig.o ABSOLUTE
    ../clib/stdlib.c                         0x00000000   Number         0  exit.o ABSOLUTE
    ../fplib/cfplib/cmpret.c                 0x00000000   Number         0  cmpret.o ABSOLUTE
    ../fplib/cfplib/d2f.c                    0x00000000   Number         0  d2f.o ABSOLUTE
    ../fplib/cfplib/daddsub.c                0x00000000   Number         0  daddsub.o ABSOLUTE
    ../fplib/cfplib/dcmpin.c                 0x00000000   Number         0  dcmpin.o ABSOLUTE
    ../fplib/cfplib/ddiv.c                   0x00000000   Number         0  ddiv.o ABSOLUTE
    ../fplib/cfplib/dmul.c                   0x00000000   Number         0  dmul.o ABSOLUTE
    ../fplib/cfplib/dsqrt.c                  0x00000000   Number         0  dsqrt.o ABSOLUTE
    ../fplib/cfplib/f2d.c                    0x00000000   Number         0  f2d.o ABSOLUTE
    ../fplib/cfplib/fdiv.c                   0x00000000   Number         0  fdiv.o ABSOLUTE
    ../fplib/cfplib/ffix.c                   0x00000000   Number         0  ffixi.o ABSOLUTE
    ../fplib/cfplib/ffix.c                   0x00000000   Number         0  ffixui.o ABSOLUTE
    ../fplib/cfplib/fflt.c                   0x00000000   Number         0  dflti.o ABSOLUTE
    ../fplib/cfplib/fflt.c                   0x00000000   Number         0  fflti.o ABSOLUTE
    ../fplib/cfplib/fpinit.c                 0x00000000   Number         0  fpinit.o ABSOLUTE
    ../fplib/cfplib/nan2.c                   0x00000000   Number         0  dnan2.o ABSOLUTE
    ../fplib/cfplib/retnan.c                 0x00000000   Number         0  retnan.o ABSOLUTE
    ../fplib/cfplib/scalbn.c                 0x00000000   Number         0  dscalbn.o ABSOLUTE
    ../fplib/dleqf6m.s                       0x00000000   Number         0  dlef.o ABSOLUTE
    ../fplib/drleqf6m.s                      0x00000000   Number         0  drlef.o ABSOLUTE
    ../fplib/usenofp.s                       0x00000000   Number         0  usenofp.o ABSOLUTE
    ../mathlib/ceil.c                        0x00000000   Number         0  ceil.o ABSOLUTE
    ../mathlib/dunder.c                      0x00000000   Number         0  dunder.o ABSOLUTE
    ../mathlib/floor.c                       0x00000000   Number         0  floor.o ABSOLUTE
    ../mathlib/fpclassify.c                  0x00000000   Number         0  fpclassify.o ABSOLUTE
    ../mathlib/poly.c                        0x00000000   Number         0  poly.o ABSOLUTE
    ../mathlib/pow.c                         0x00000000   Number         0  pow.o ABSOLUTE
    ../mathlib/pow.c                         0x00000000   Number         0  pow_x.o ABSOLUTE
    ../mathlib/qnan.c                        0x00000000   Number         0  qnan.o ABSOLUTE
    ../mathlib/sqrt.c                        0x00000000   Number         0  sqrt.o ABSOLUTE
    ../mathlib/sqrt.c                        0x00000000   Number         0  sqrt_x.o ABSOLUTE
    I2C.c                                    0x00000000   Number         0  i2c.o ABSOLUTE
    I2C.c                                    0x00000000   Number         0  i2c.o ABSOLUTE
    RTE\Device\MKL46Z256VLL4\startup_MKL46Z4.s 0x00000000   Number         0  startup_mkl46z4.o ABSOLUTE
    RTE\Device\MKL46Z256VLL4\system_MKL46Z4.c 0x00000000   Number         0  system_mkl46z4.o ABSOLUTE
    RTE\\Device\\MKL46Z256VLL4\\system_MKL46Z4.c 0x00000000   Number         0  system_mkl46z4.o ABSOLUTE
    dc.s                                     0x00000000   Number         0  dc.o ABSOLUTE
    lcd.c                                    0x00000000   Number         0  lcd.o ABSOLUTE
    lcd.c                                    0x00000000   Number         0  lcd.o ABSOLUTE
    mag.c                                    0x00000000   Number         0  mag.o ABSOLUTE
    mag.c                                    0x00000000   Number         0  mag.o ABSOLUTE
    main.c                                   0x00000000   Number         0  main.o ABSOLUTE
    main.c                                   0x00000000   Number         0  main.o ABSOLUTE
    mma8451q.c                               0x00000000   Number         0  mma8451q.o ABSOLUTE
    mma8451q.c                               0x00000000   Number         0  mma8451q.o ABSOLUTE
    FlashConfig                              0x00000400   Section       16  startup_mkl46z4.o(FlashConfig)
    !!!main                                  0x00000410   Section        8  __main.o(!!!main)
    !!!scatter                               0x00000418   Section       60  __scatter.o(!!!scatter)
    !!handler_copy                           0x00000454   Section       26  __scatter_copy.o(!!handler_copy)
    !!handler_zi                             0x00000470   Section       28  __scatter_zi.o(!!handler_zi)
    .ARM.Collect$$libinit$$00000000          0x0000048c   Section        2  libinit.o(.ARM.Collect$$libinit$$00000000)
    .ARM.Collect$$libinit$$00000002          0x0000048e   Section        0  libinit2.o(.ARM.Collect$$libinit$$00000002)
    .ARM.Collect$$libinit$$00000004          0x0000048e   Section        0  libinit2.o(.ARM.Collect$$libinit$$00000004)
    .ARM.Collect$$libinit$$0000000A          0x0000048e   Section        0  libinit2.o(.ARM.Collect$$libinit$$0000000A)
    .ARM.Collect$$libinit$$0000000C          0x0000048e   Section        0  libinit2.o(.ARM.Collect$$libinit$$0000000C)
    .ARM.Collect$$libinit$$0000000E          0x0000048e   Section        0  libinit2.o(.ARM.Collect$$libinit$$0000000E)
    .ARM.Collect$$libinit$$00000011          0x0000048e   Section        0  libinit2.o(.ARM.Collect$$libinit$$00000011)
    .ARM.Collect$$libinit$$00000013          0x0000048e   Section        0  libinit2.o(.ARM.Collect$$libinit$$00000013)
    .ARM.Collect$$libinit$$00000015          0x0000048e   Section        0  libinit2.o(.ARM.Collect$$libinit$$00000015)
    .ARM.Collect$$libinit$$00000017          0x0000048e   Section        0  libinit2.o(.ARM.Collect$$libinit$$00000017)
    .ARM.Collect$$libinit$$00000019          0x0000048e   Section        0  libinit2.o(.ARM.Collect$$libinit$$00000019)
    .ARM.Collect$$libinit$$0000001B          0x0000048e   Section        0  libinit2.o(.ARM.Collect$$libinit$$0000001B)
    .ARM.Collect$$libinit$$0000001D          0x0000048e   Section        0  libinit2.o(.ARM.Collect$$libinit$$0000001D)
    .ARM.Collect$$libinit$$0000001F          0x0000048e   Section        0  libinit2.o(.ARM.Collect$$libinit$$0000001F)
    .ARM.Collect$$libinit$$00000021          0x0000048e   Section        0  libinit2.o(.ARM.Collect$$libinit$$00000021)
    .ARM.Collect$$libinit$$00000023          0x0000048e   Section        0  libinit2.o(.ARM.Collect$$libinit$$00000023)
    .ARM.Collect$$libinit$$00000025          0x0000048e   Section        0  libinit2.o(.ARM.Collect$$libinit$$00000025)
    .ARM.Collect$$libinit$$0000002C          0x0000048e   Section        0  libinit2.o(.ARM.Collect$$libinit$$0000002C)
    .ARM.Collect$$libinit$$0000002E          0x0000048e   Section        0  libinit2.o(.ARM.Collect$$libinit$$0000002E)
    .ARM.Collect$$libinit$$00000030          0x0000048e   Section        0  libinit2.o(.ARM.Collect$$libinit$$00000030)
    .ARM.Collect$$libinit$$00000032          0x0000048e   Section        0  libinit2.o(.ARM.Collect$$libinit$$00000032)
    .ARM.Collect$$libinit$$00000033          0x0000048e   Section        2  libinit2.o(.ARM.Collect$$libinit$$00000033)
    .ARM.Collect$$libshutdown$$00000000      0x00000490   Section        2  libshutdown.o(.ARM.Collect$$libshutdown$$00000000)
    .ARM.Collect$$libshutdown$$00000002      0x00000492   Section        0  libshutdown2.o(.ARM.Collect$$libshutdown$$00000002)
    .ARM.Collect$$libshutdown$$00000004      0x00000492   Section        0  libshutdown2.o(.ARM.Collect$$libshutdown$$00000004)
    .ARM.Collect$$libshutdown$$00000007      0x00000492   Section        0  libshutdown2.o(.ARM.Collect$$libshutdown$$00000007)
    .ARM.Collect$$libshutdown$$0000000A      0x00000492   Section        0  libshutdown2.o(.ARM.Collect$$libshutdown$$0000000A)
    .ARM.Collect$$libshutdown$$0000000C      0x00000492   Section        0  libshutdown2.o(.ARM.Collect$$libshutdown$$0000000C)
    .ARM.Collect$$libshutdown$$0000000F      0x00000492   Section        0  libshutdown2.o(.ARM.Collect$$libshutdown$$0000000F)
    .ARM.Collect$$libshutdown$$00000010      0x00000492   Section        2  libshutdown2.o(.ARM.Collect$$libshutdown$$00000010)
    .ARM.Collect$$rtentry$$00000000          0x00000494   Section        0  __rtentry.o(.ARM.Collect$$rtentry$$00000000)
    .ARM.Collect$$rtentry$$00000002          0x00000494   Section        0  __rtentry2.o(.ARM.Collect$$rtentry$$00000002)
    .ARM.Collect$$rtentry$$00000007          0x00000494   Section        4  __rtentry7.o(.ARM.Collect$$rtentry$$00000007)
    .ARM.Collect$$rtentry$$00000009          0x00000498   Section        0  __rtentry2.o(.ARM.Collect$$rtentry$$00000009)
    .ARM.Collect$$rtentry$$0000000A          0x00000498   Section        4  __rtentry2.o(.ARM.Collect$$rtentry$$0000000A)
    .ARM.Collect$$rtentry$$0000000C          0x0000049c   Section        0  __rtentry2.o(.ARM.Collect$$rtentry$$0000000C)
    .ARM.Collect$$rtentry$$0000000D          0x0000049c   Section        8  __rtentry2.o(.ARM.Collect$$rtentry$$0000000D)
    .ARM.Collect$$rtentry$$00002718          0x000004a4   Section        4  __rtentry7.o(.ARM.Collect$$rtentry$$00002718)
    __lit__00000000                          0x000004a4   Data           4  __rtentry7.o(.ARM.Collect$$rtentry$$00002718)
    .ARM.Collect$$rtexit$$00000000           0x000004a8   Section        2  rtexit.o(.ARM.Collect$$rtexit$$00000000)
    .ARM.Collect$$rtexit$$00000002           0x000004aa   Section        0  rtexit2.o(.ARM.Collect$$rtexit$$00000002)
    .ARM.Collect$$rtexit$$00000003           0x000004aa   Section        4  rtexit2.o(.ARM.Collect$$rtexit$$00000003)
    .ARM.Collect$$rtexit$$00000004           0x000004ae   Section        6  rtexit2.o(.ARM.Collect$$rtexit$$00000004)
    .text                                    0x000004b4   Section      156  startup_mkl46z4.o(.text)
    .text                                    0x00000550   Section      346  aeabi_sdiv.o(.text)
    .text                                    0x000006ac   Section        0  d2f.o(.text)
    .text                                    0x00000728   Section        0  daddsub.o(.text)
    _dadd1                                   0x00000729   Thumb Code   290  daddsub.o(.text)
    _dsub1                                   0x0000084b   Thumb Code   470  daddsub.o(.text)
    .text                                    0x00000a80   Section        0  ddiv.o(.text)
    .text                                    0x00000ec8   Section        0  dmul.o(.text)
    .text                                    0x00001110   Section        0  f2d.o(.text)
    .text                                    0x00001164   Section        0  ffixi.o(.text)
    .text                                    0x000011b0   Section        0  fflti.o(.text)
    .text                                    0x0000120e   Section        0  _rserrno.o(.text)
    .text                                    0x00001224   Section        0  dcmpin.o(.text)
    .text                                    0x000012b4   Section        0  dflti.o(.text)
    .text                                    0x0000130c   Section        0  dscalbn.o(.text)
    .text                                    0x0000136c   Section        0  dsqrt.o(.text)
    .text                                    0x0000146c   Section        8  rt_errno_addr_intlibspace.o(.text)
    .text                                    0x00001474   Section        0  cmpret.o(.text)
    .text                                    0x000014a4   Section        0  dnan2.o(.text)
    .text                                    0x000014b8   Section        0  exit.o(.text)
    .text                                    0x000014c8   Section        0  retnan.o(.text)
    .text                                    0x00001528   Section        0  sys_exit.o(.text)
    .text                                    0x00001534   Section        2  use_no_semi.o(.text)
    .text                                    0x00001536   Section        0  indicate_semi.o(.text)
    i.Delay                                  0x00001538   Section        0  main.o(i.Delay)
    i.DisplayCurrentMag                      0x00001554   Section        0  main.o(i.DisplayCurrentMag)
    i.I2CWait                                0x0000176c   Section        0  i2c.o(i.I2CWait)
    i.I2C_Get_Ack                            0x0000178c   Section        0  i2c.o(i.I2C_Get_Ack)
    i.InitI2C                                0x000017a4   Section        0  i2c.o(i.InitI2C)
    i.SegLCD_DisplayDecimal                  0x000017e0   Section        0  lcd.o(i.SegLCD_DisplayDecimal)
    i.SegLCD_DisplayError                    0x00001868   Section        0  lcd.o(i.SegLCD_DisplayError)
    i.SegLCD_Init                            0x000018ac   Section        0  lcd.o(i.SegLCD_Init)
    i.SegLCD_Set                             0x0000199c   Section        0  lcd.o(i.SegLCD_Set)
    i.SysTick_Handler                        0x00001b94   Section        0  main.o(i.SysTick_Handler)
    i.SystemClockConfiguration               0x00001be0   Section        0  main.o(i.SystemClockConfiguration)
    i.SystemInit                             0x00001c38   Section        0  system_mkl46z4.o(i.SystemInit)
    i.SystemInitHook                         0x00001c4c   Section        0  system_mkl46z4.o(i.SystemInitHook)
    i.WriteToI2C                             0x00001c50   Section        0  i2c.o(i.WriteToI2C)
    i.__ARM_fpclassify                       0x00001c5c   Section        0  fpclassify.o(i.__ARM_fpclassify)
    i.__kernel_poly                          0x00001c88   Section        0  poly.o(i.__kernel_poly)
    i.__mathlib_dbl_divzero                  0x00001d34   Section        0  dunder.o(i.__mathlib_dbl_divzero)
    i.__mathlib_dbl_infnan2                  0x00001d48   Section        0  dunder.o(i.__mathlib_dbl_infnan2)
    i.__mathlib_dbl_invalid                  0x00001d50   Section        0  dunder.o(i.__mathlib_dbl_invalid)
    i.__mathlib_dbl_overflow                 0x00001d60   Section        0  dunder.o(i.__mathlib_dbl_overflow)
    i.__mathlib_dbl_underflow                0x00001d74   Section        0  dunder.o(i.__mathlib_dbl_underflow)
    i.ceil                                   0x00001d88   Section        0  ceil.o(i.ceil)
    i.floor                                  0x00001e50   Section        0  floor.o(i.floor)
    i.init_SysTick_interrupt                 0x00001f18   Section        0  main.o(i.init_SysTick_interrupt)
    i.initial                                0x00001f38   Section        0  main.o(i.initial)
    i.mag_init                               0x00001f48   Section        0  mag.o(i.mag_init)
    i.mag_read                               0x00001f68   Section        0  mag.o(i.mag_read)
    i.mag_set                                0x00002004   Section        0  mag.o(i.mag_set)
    i.main                                   0x00002070   Section        0  main.o(i.main)
    i.pause                                  0x00002080   Section        0  mag.o(i.pause)
    pause                                    0x00002081   Thumb Code    14  mag.o(i.pause)
    i.pow                                    0x00002090   Section        0  pow.o(i.pow)
    i.sqrt                                   0x00002a8c   Section        0  sqrt.o(i.sqrt)
    x$fpl$drleqf                             0x00002ad4   Section      104  drlef.o(x$fpl$drleqf)
    .constdata                               0x00002b3c   Section       12  lcd.o(.constdata)
    x$fpl$usenofp                            0x00002b3c   Section        0  usenofp.o(x$fpl$usenofp)
    LCD_Frontplane_Pin                       0x00002b3c   Data           8  lcd.o(.constdata)
    LCD_Backplane_Pin                        0x00002b44   Data           4  lcd.o(.constdata)
    .constdata                               0x00002b48   Section      128  ddiv.o(.constdata)
    ddiv_reciptbl                            0x00002b48   Data         128  ddiv.o(.constdata)
    .constdata                               0x00002bc8   Section      136  pow.o(.constdata)
    bp                                       0x00002bc8   Data          16  pow.o(.constdata)
    dp_h                                     0x00002bd8   Data          16  pow.o(.constdata)
    dp_l                                     0x00002be8   Data          16  pow.o(.constdata)
    L                                        0x00002bf8   Data          48  pow.o(.constdata)
    P                                        0x00002c28   Data          40  pow.o(.constdata)
    .constdata                               0x00002c50   Section        8  qnan.o(.constdata)
    .data                                    0x1fffe000   Section       56  main.o(.data)
    .data                                    0x1fffe038   Section        4  system_mkl46z4.o(.data)
    .bss                                     0x1fffe03c   Section       96  libspace.o(.bss)

    Global Symbols

    Symbol Name                              Value     Ov Type        Size  Object(Section)

    BuildAttributes$$THM_ISAv3M$S$PE$A:L22$X:L11$S22$IEEE1$IW$USESV6$~STKCKD$USESV7$~SHL$OTIME$ROPI$IEEEX$EBA8$UX$STANDARDLIB$REQ8$PRES8$EABIv2 0x00000000   Number         0  anon$$obj.o ABSOLUTE
    __ARM_use_no_argv                        0x00000000   Number         0  main.o ABSOLUTE
    __Vectors                                0x00000000   Data           4  startup_mkl46z4.o(RESET)
    Image$$ZI$$Limit                          - Undefined Weak Reference
    __ARM_exceptions_init                     - Undefined Weak Reference
    __alloca_initialize                       - Undefined Weak Reference
    __arm_preinit_                            - Undefined Weak Reference
    __cpp_initialize__aeabi_                  - Undefined Weak Reference
    __cxa_finalize                            - Undefined Weak Reference
    __rt_locale                               - Undefined Weak Reference
    __sigvec_lookup                           - Undefined Weak Reference
    _atexit_init                              - Undefined Weak Reference
    _call_atexit_fns                          - Undefined Weak Reference
    _clock_init                               - Undefined Weak Reference
    _fp_trap_init                             - Undefined Weak Reference
    _fp_trap_shutdown                         - Undefined Weak Reference
    _get_lc_collate                           - Undefined Weak Reference
    _get_lc_ctype                             - Undefined Weak Reference
    _get_lc_monetary                          - Undefined Weak Reference
    _get_lc_numeric                           - Undefined Weak Reference
    _get_lc_time                              - Undefined Weak Reference
    _getenv_init                              - Undefined Weak Reference
    _handle_redirection                       - Undefined Weak Reference
    _init_alloc                               - Undefined Weak Reference
    _init_user_alloc                          - Undefined Weak Reference
    _initio                                   - Undefined Weak Reference
    _rand_init                                - Undefined Weak Reference
    _signal_finish                            - Undefined Weak Reference
    _signal_init                              - Undefined Weak Reference
    _terminate_alloc                          - Undefined Weak Reference
    _terminate_user_alloc                     - Undefined Weak Reference
    _terminateio                              - Undefined Weak Reference
    __Vectors_End                            0x000000c0   Data           0  startup_mkl46z4.o(RESET)
    __Vectors_Size                           0x000000c0   Number         0  startup_mkl46z4.o ABSOLUTE
    __main                                   0x00000411   Thumb Code     8  __main.o(!!!main)
    __scatterload                            0x00000419   Thumb Code     0  __scatter.o(!!!scatter)
    __scatterload_rt2                        0x00000419   Thumb Code    52  __scatter.o(!!!scatter)
    __scatterload_rt2_thumb_only             0x00000419   Thumb Code     0  __scatter.o(!!!scatter)
    __scatterload_null                       0x00000429   Thumb Code     0  __scatter.o(!!!scatter)
    __scatterload_copy                       0x00000455   Thumb Code    26  __scatter_copy.o(!!handler_copy)
    __scatterload_zeroinit                   0x00000471   Thumb Code    28  __scatter_zi.o(!!handler_zi)
    __rt_lib_init                            0x0000048d   Thumb Code     0  libinit.o(.ARM.Collect$$libinit$$00000000)
    __rt_lib_init_alloca_1                   0x0000048f   Thumb Code     0  libinit2.o(.ARM.Collect$$libinit$$0000002E)
    __rt_lib_init_argv_1                     0x0000048f   Thumb Code     0  libinit2.o(.ARM.Collect$$libinit$$0000002C)
    __rt_lib_init_atexit_1                   0x0000048f   Thumb Code     0  libinit2.o(.ARM.Collect$$libinit$$0000001B)
    __rt_lib_init_clock_1                    0x0000048f   Thumb Code     0  libinit2.o(.ARM.Collect$$libinit$$00000021)
    __rt_lib_init_cpp_1                      0x0000048f   Thumb Code     0  libinit2.o(.ARM.Collect$$libinit$$00000032)
    __rt_lib_init_exceptions_1               0x0000048f   Thumb Code     0  libinit2.o(.ARM.Collect$$libinit$$00000030)
    __rt_lib_init_fp_1                       0x0000048f   Thumb Code     0  libinit2.o(.ARM.Collect$$libinit$$00000002)
    __rt_lib_init_fp_trap_1                  0x0000048f   Thumb Code     0  libinit2.o(.ARM.Collect$$libinit$$0000001F)
    __rt_lib_init_getenv_1                   0x0000048f   Thumb Code     0  libinit2.o(.ARM.Collect$$libinit$$00000023)
    __rt_lib_init_heap_1                     0x0000048f   Thumb Code     0  libinit2.o(.ARM.Collect$$libinit$$0000000A)
    __rt_lib_init_lc_collate_1               0x0000048f   Thumb Code     0  libinit2.o(.ARM.Collect$$libinit$$00000011)
    __rt_lib_init_lc_ctype_1                 0x0000048f   Thumb Code     0  libinit2.o(.ARM.Collect$$libinit$$00000013)
    __rt_lib_init_lc_monetary_1              0x0000048f   Thumb Code     0  libinit2.o(.ARM.Collect$$libinit$$00000015)
    __rt_lib_init_lc_numeric_1               0x0000048f   Thumb Code     0  libinit2.o(.ARM.Collect$$libinit$$00000017)
    __rt_lib_init_lc_time_1                  0x0000048f   Thumb Code     0  libinit2.o(.ARM.Collect$$libinit$$00000019)
    __rt_lib_init_preinit_1                  0x0000048f   Thumb Code     0  libinit2.o(.ARM.Collect$$libinit$$00000004)
    __rt_lib_init_rand_1                     0x0000048f   Thumb Code     0  libinit2.o(.ARM.Collect$$libinit$$0000000E)
    __rt_lib_init_return                     0x0000048f   Thumb Code     0  libinit2.o(.ARM.Collect$$libinit$$00000033)
    __rt_lib_init_signal_1                   0x0000048f   Thumb Code     0  libinit2.o(.ARM.Collect$$libinit$$0000001D)
    __rt_lib_init_stdio_1                    0x0000048f   Thumb Code     0  libinit2.o(.ARM.Collect$$libinit$$00000025)
    __rt_lib_init_user_alloc_1               0x0000048f   Thumb Code     0  libinit2.o(.ARM.Collect$$libinit$$0000000C)
    __rt_lib_shutdown                        0x00000491   Thumb Code     0  libshutdown.o(.ARM.Collect$$libshutdown$$00000000)
    __rt_lib_shutdown_cpp_1                  0x00000493   Thumb Code     0  libshutdown2.o(.ARM.Collect$$libshutdown$$00000002)
    __rt_lib_shutdown_fp_trap_1              0x00000493   Thumb Code     0  libshutdown2.o(.ARM.Collect$$libshutdown$$00000007)
    __rt_lib_shutdown_heap_1                 0x00000493   Thumb Code     0  libshutdown2.o(.ARM.Collect$$libshutdown$$0000000F)
    __rt_lib_shutdown_return                 0x00000493   Thumb Code     0  libshutdown2.o(.ARM.Collect$$libshutdown$$00000010)
    __rt_lib_shutdown_signal_1               0x00000493   Thumb Code     0  libshutdown2.o(.ARM.Collect$$libshutdown$$0000000A)
    __rt_lib_shutdown_stdio_1                0x00000493   Thumb Code     0  libshutdown2.o(.ARM.Collect$$libshutdown$$00000004)
    __rt_lib_shutdown_user_alloc_1           0x00000493   Thumb Code     0  libshutdown2.o(.ARM.Collect$$libshutdown$$0000000C)
    __rt_entry                               0x00000495   Thumb Code     0  __rtentry.o(.ARM.Collect$$rtentry$$00000000)
    __rt_entry_presh_1                       0x00000495   Thumb Code     0  __rtentry2.o(.ARM.Collect$$rtentry$$00000002)
    __rt_entry_sh                            0x00000495   Thumb Code     0  __rtentry7.o(.ARM.Collect$$rtentry$$00000007)
    __rt_entry_li                            0x00000499   Thumb Code     0  __rtentry2.o(.ARM.Collect$$rtentry$$0000000A)
    __rt_entry_postsh_1                      0x00000499   Thumb Code     0  __rtentry2.o(.ARM.Collect$$rtentry$$00000009)
    __rt_entry_main                          0x0000049d   Thumb Code     0  __rtentry2.o(.ARM.Collect$$rtentry$$0000000D)
    __rt_entry_postli_1                      0x0000049d   Thumb Code     0  __rtentry2.o(.ARM.Collect$$rtentry$$0000000C)
    __rt_exit                                0x000004a9   Thumb Code     0  rtexit.o(.ARM.Collect$$rtexit$$00000000)
    __rt_exit_ls                             0x000004ab   Thumb Code     0  rtexit2.o(.ARM.Collect$$rtexit$$00000003)
    __rt_exit_prels_1                        0x000004ab   Thumb Code     0  rtexit2.o(.ARM.Collect$$rtexit$$00000002)
    __rt_exit_exit                           0x000004af   Thumb Code     0  rtexit2.o(.ARM.Collect$$rtexit$$00000004)
    Reset_Handler                            0x000004b5   Thumb Code    24  startup_mkl46z4.o(.text)
    NMI_Handler                              0x000004cd   Thumb Code     2  startup_mkl46z4.o(.text)
    HardFault_Handler                        0x000004cf   Thumb Code     2  startup_mkl46z4.o(.text)
    SVC_Handler                              0x000004d1   Thumb Code     2  startup_mkl46z4.o(.text)
    PendSV_Handler                           0x000004d3   Thumb Code     2  startup_mkl46z4.o(.text)
    DMA0_IRQHandler                          0x000004d7   Thumb Code     4  startup_mkl46z4.o(.text)
    DMA1_IRQHandler                          0x000004db   Thumb Code     4  startup_mkl46z4.o(.text)
    DMA2_IRQHandler                          0x000004df   Thumb Code     4  startup_mkl46z4.o(.text)
    DMA3_IRQHandler                          0x000004e3   Thumb Code     4  startup_mkl46z4.o(.text)
    I2C0_IRQHandler                          0x000004e7   Thumb Code     4  startup_mkl46z4.o(.text)
    I2C1_IRQHandler                          0x000004eb   Thumb Code     4  startup_mkl46z4.o(.text)
    SPI0_IRQHandler                          0x000004ef   Thumb Code     4  startup_mkl46z4.o(.text)
    SPI1_IRQHandler                          0x000004f3   Thumb Code     4  startup_mkl46z4.o(.text)
    UART0_IRQHandler                         0x000004f7   Thumb Code     4  startup_mkl46z4.o(.text)
    UART1_IRQHandler                         0x000004fb   Thumb Code     4  startup_mkl46z4.o(.text)
    UART2_IRQHandler                         0x000004ff   Thumb Code     4  startup_mkl46z4.o(.text)
    I2S0_IRQHandler                          0x00000503   Thumb Code     4  startup_mkl46z4.o(.text)
    ADC0_IRQHandler                          0x00000507   Thumb Code     0  startup_mkl46z4.o(.text)
    CMP0_IRQHandler                          0x00000507   Thumb Code     0  startup_mkl46z4.o(.text)
    DAC0_IRQHandler                          0x00000507   Thumb Code     0  startup_mkl46z4.o(.text)
    DMA0_DriverIRQHandler                    0x00000507   Thumb Code     0  startup_mkl46z4.o(.text)
    DMA1_DriverIRQHandler                    0x00000507   Thumb Code     0  startup_mkl46z4.o(.text)
    DMA2_DriverIRQHandler                    0x00000507   Thumb Code     0  startup_mkl46z4.o(.text)
    DMA3_DriverIRQHandler                    0x00000507   Thumb Code     0  startup_mkl46z4.o(.text)
    DefaultISR                               0x00000507   Thumb Code     0  startup_mkl46z4.o(.text)
    FTFA_IRQHandler                          0x00000507   Thumb Code     0  startup_mkl46z4.o(.text)
    I2C0_DriverIRQHandler                    0x00000507   Thumb Code     0  startup_mkl46z4.o(.text)
    I2C1_DriverIRQHandler                    0x00000507   Thumb Code     0  startup_mkl46z4.o(.text)
    I2S0_DriverIRQHandler                    0x00000507   Thumb Code     0  startup_mkl46z4.o(.text)
    LCD_IRQHandler                           0x00000507   Thumb Code     0  startup_mkl46z4.o(.text)
    LLWU_IRQHandler                          0x00000507   Thumb Code     0  startup_mkl46z4.o(.text)
    LPTMR0_IRQHandler                        0x00000507   Thumb Code     0  startup_mkl46z4.o(.text)
    LVD_LVW_IRQHandler                       0x00000507   Thumb Code     0  startup_mkl46z4.o(.text)
    MCG_IRQHandler                           0x00000507   Thumb Code     0  startup_mkl46z4.o(.text)
    PIT_IRQHandler                           0x00000507   Thumb Code     0  startup_mkl46z4.o(.text)
    PORTA_IRQHandler                         0x00000507   Thumb Code     0  startup_mkl46z4.o(.text)
    PORTC_PORTD_IRQHandler                   0x00000507   Thumb Code     0  startup_mkl46z4.o(.text)
    RTC_IRQHandler                           0x00000507   Thumb Code     0  startup_mkl46z4.o(.text)
    RTC_Seconds_IRQHandler                   0x00000507   Thumb Code     0  startup_mkl46z4.o(.text)
    Reserved20_IRQHandler                    0x00000507   Thumb Code     0  startup_mkl46z4.o(.text)
    SPI0_DriverIRQHandler                    0x00000507   Thumb Code     0  startup_mkl46z4.o(.text)
    SPI1_DriverIRQHandler                    0x00000507   Thumb Code     0  startup_mkl46z4.o(.text)
    TPM0_IRQHandler                          0x00000507   Thumb Code     0  startup_mkl46z4.o(.text)
    TPM1_IRQHandler                          0x00000507   Thumb Code     0  startup_mkl46z4.o(.text)
    TPM2_IRQHandler                          0x00000507   Thumb Code     0  startup_mkl46z4.o(.text)
    TSI0_IRQHandler                          0x00000507   Thumb Code     0  startup_mkl46z4.o(.text)
    UART0_DriverIRQHandler                   0x00000507   Thumb Code     0  startup_mkl46z4.o(.text)
    UART1_DriverIRQHandler                   0x00000507   Thumb Code     0  startup_mkl46z4.o(.text)
    UART2_DriverIRQHandler                   0x00000507   Thumb Code     0  startup_mkl46z4.o(.text)
    USB0_IRQHandler                          0x00000507   Thumb Code     0  startup_mkl46z4.o(.text)
    __aeabi_uidiv                            0x00000551   Thumb Code     0  aeabi_sdiv.o(.text)
    __aeabi_uidivmod                         0x00000551   Thumb Code    20  aeabi_sdiv.o(.text)
    __aeabi_idiv                             0x00000565   Thumb Code     0  aeabi_sdiv.o(.text)
    __aeabi_idivmod                          0x00000565   Thumb Code   326  aeabi_sdiv.o(.text)
    __aeabi_d2f                              0x000006ad   Thumb Code     0  d2f.o(.text)
    _d2f                                     0x000006ad   Thumb Code   120  d2f.o(.text)
    __aeabi_dadd                             0x00000a21   Thumb Code     0  daddsub.o(.text)
    _dadd                                    0x00000a21   Thumb Code    26  daddsub.o(.text)
    __aeabi_dsub                             0x00000a3b   Thumb Code     0  daddsub.o(.text)
    _dsub                                    0x00000a3b   Thumb Code    22  daddsub.o(.text)
    __aeabi_drsub                            0x00000a51   Thumb Code     0  daddsub.o(.text)
    _drsb                                    0x00000a51   Thumb Code    28  daddsub.o(.text)
    __aeabi_ddiv                             0x00000a81   Thumb Code     0  ddiv.o(.text)
    _ddiv                                    0x00000a81   Thumb Code  1072  ddiv.o(.text)
    _drdiv                                   0x00000eb1   Thumb Code    20  ddiv.o(.text)
    __aeabi_dmul                             0x00000ec9   Thumb Code     0  dmul.o(.text)
    _dmul                                    0x00000ec9   Thumb Code   558  dmul.o(.text)
    __aeabi_f2d                              0x00001111   Thumb Code     0  f2d.o(.text)
    _f2d                                     0x00001111   Thumb Code    80  f2d.o(.text)
    __aeabi_f2iz                             0x00001165   Thumb Code     0  ffixi.o(.text)
    _ffix                                    0x00001165   Thumb Code    76  ffixi.o(.text)
    __aeabi_i2f_normalise                    0x000011b1   Thumb Code    72  fflti.o(.text)
    __aeabi_i2f                              0x000011f9   Thumb Code    16  fflti.o(.text)
    _fflt                                    0x000011f9   Thumb Code     0  fflti.o(.text)
    __aeabi_ui2f                             0x00001209   Thumb Code     6  fflti.o(.text)
    _ffltu                                   0x00001209   Thumb Code     0  fflti.o(.text)
    __read_errno                             0x0000120f   Thumb Code    10  _rserrno.o(.text)
    __set_errno                              0x00001219   Thumb Code    12  _rserrno.o(.text)
    __fpl_dcmp_InfNaN                        0x00001225   Thumb Code   140  dcmpin.o(.text)
    __aeabi_i2d_normalise                    0x000012b5   Thumb Code    66  dflti.o(.text)
    __aeabi_i2d                              0x000012f7   Thumb Code    16  dflti.o(.text)
    _dflt                                    0x000012f7   Thumb Code     0  dflti.o(.text)
    __aeabi_ui2d                             0x00001307   Thumb Code     6  dflti.o(.text)
    _dfltu                                   0x00001307   Thumb Code     0  dflti.o(.text)
    __ARM_scalbn                             0x0000130d   Thumb Code    84  dscalbn.o(.text)
    _dsqrt                                   0x0000136d   Thumb Code   248  dsqrt.o(.text)
    __aeabi_errno_addr                       0x0000146d   Thumb Code     8  rt_errno_addr_intlibspace.o(.text)
    __errno$intlibspace                      0x0000146d   Thumb Code     0  rt_errno_addr_intlibspace.o(.text)
    __rt_errno_addr$intlibspace              0x0000146d   Thumb Code     0  rt_errno_addr_intlibspace.o(.text)
    __fpl_cmpreturn                          0x00001475   Thumb Code    46  cmpret.o(.text)
    __fpl_dcheck_NaN2                        0x000014a5   Thumb Code    14  dnan2.o(.text)
    exit                                     0x000014b9   Thumb Code    16  exit.o(.text)
    __fpl_return_NaN                         0x000014c9   Thumb Code    94  retnan.o(.text)
    _sys_exit                                0x00001529   Thumb Code     8  sys_exit.o(.text)
    __I$use$semihosting                      0x00001535   Thumb Code     0  use_no_semi.o(.text)
    __use_no_semihosting_swi                 0x00001535   Thumb Code     2  use_no_semi.o(.text)
    __semihosting_library_function           0x00001537   Thumb Code     0  indicate_semi.o(.text)
    Delay                                    0x00001539   Thumb Code    24  main.o(i.Delay)
    DisplayCurrentMag                        0x00001555   Thumb Code   488  main.o(i.DisplayCurrentMag)
    I2CWait                                  0x0000176d   Thumb Code    26  i2c.o(i.I2CWait)
    I2C_Get_Ack                              0x0000178d   Thumb Code    20  i2c.o(i.I2C_Get_Ack)
    InitI2C                                  0x000017a5   Thumb Code    48  i2c.o(i.InitI2C)
    SegLCD_DisplayDecimal                    0x000017e1   Thumb Code   132  lcd.o(i.SegLCD_DisplayDecimal)
    SegLCD_DisplayError                      0x00001869   Thumb Code    62  lcd.o(i.SegLCD_DisplayError)
    SegLCD_Init                              0x000018ad   Thumb Code   190  lcd.o(i.SegLCD_Init)
    SegLCD_Set                               0x0000199d   Thumb Code   496  lcd.o(i.SegLCD_Set)
    SysTick_Handler                          0x00001b95   Thumb Code    62  main.o(i.SysTick_Handler)
    SystemClockConfiguration                 0x00001be1   Thumb Code    76  main.o(i.SystemClockConfiguration)
    SystemInit                               0x00001c39   Thumb Code    14  system_mkl46z4.o(i.SystemInit)
    SystemInitHook                           0x00001c4d   Thumb Code     2  system_mkl46z4.o(i.SystemInitHook)
    WriteToI2C                               0x00001c51   Thumb Code     6  i2c.o(i.WriteToI2C)
    __ARM_fpclassify                         0x00001c5d   Thumb Code    40  fpclassify.o(i.__ARM_fpclassify)
    __kernel_poly                            0x00001c89   Thumb Code   172  poly.o(i.__kernel_poly)
    __mathlib_dbl_divzero                    0x00001d35   Thumb Code    16  dunder.o(i.__mathlib_dbl_divzero)
    __mathlib_dbl_infnan2                    0x00001d49   Thumb Code     8  dunder.o(i.__mathlib_dbl_infnan2)
    __mathlib_dbl_invalid                    0x00001d51   Thumb Code    16  dunder.o(i.__mathlib_dbl_invalid)
    __mathlib_dbl_overflow                   0x00001d61   Thumb Code    16  dunder.o(i.__mathlib_dbl_overflow)
    __mathlib_dbl_underflow                  0x00001d75   Thumb Code    14  dunder.o(i.__mathlib_dbl_underflow)
    ceil                                     0x00001d89   Thumb Code   180  ceil.o(i.ceil)
    floor                                    0x00001e51   Thumb Code   180  floor.o(i.floor)
    init_SysTick_interrupt                   0x00001f19   Thumb Code    24  main.o(i.init_SysTick_interrupt)
    initial                                  0x00001f39   Thumb Code    16  main.o(i.initial)
    mag_init                                 0x00001f49   Thumb Code    32  mag.o(i.mag_init)
    mag_read                                 0x00001f69   Thumb Code   150  mag.o(i.mag_read)
    mag_set                                  0x00002005   Thumb Code   102  mag.o(i.mag_set)
    main                                     0x00002071   Thumb Code    16  main.o(i.main)
    pow                                      0x00002091   Thumb Code  2548  pow.o(i.pow)
    sqrt                                     0x00002a8d   Thumb Code    66  sqrt.o(i.sqrt)
    __aeabi_cdrcmple                         0x00002ad5   Thumb Code     0  drlef.o(x$fpl$drleqf)
    _drcmple                                 0x00002ad5   Thumb Code   100  drlef.o(x$fpl$drleqf)
    __I$use$fp                               0x00002b3c   Number         0  usenofp.o(x$fpl$usenofp)
    __mathlib_zero                           0x00002c50   Data           8  qnan.o(.constdata)
    Region$$Table$$Base                      0x00002c58   Number         0  anon$$obj.o(Region$$Table)
    Region$$Table$$Limit                     0x00002c78   Number         0  anon$$obj.o(Region$$Table)
    xread                                    0x1fffe000   Data           2  main.o(.data)
    yread                                    0x1fffe002   Data           2  main.o(.data)
    zread                                    0x1fffe004   Data           2  main.o(.data)
    x                                        0x1fffe008   Data           4  main.o(.data)
    y                                        0x1fffe00c   Data           4  main.o(.data)
    z                                        0x1fffe010   Data           4  main.o(.data)
    mag                                      0x1fffe014   Data           4  main.o(.data)
    magINT                                   0x1fffe018   Data           4  main.o(.data)
    xoff                                     0x1fffe01c   Data           4  main.o(.data)
    yoff                                     0x1fffe020   Data           4  main.o(.data)
    zoff                                     0x1fffe024   Data           4  main.o(.data)
    msTicks                                  0x1fffe028   Data           4  main.o(.data)
    msTicksInDelay                           0x1fffe02c   Data           4  main.o(.data)
    tinhthoigian                             0x1fffe030   Data           8  main.o(.data)
    SystemCoreClock                          0x1fffe038   Data           4  system_mkl46z4.o(.data)
    __libspace_start                         0x1fffe03c   Data          96  libspace.o(.bss)
    Image$$ARM_LIB_HEAP$$ZI$$Base            0x1fffe09c   Number         0  anon$$obj.o ABSOLUTE
    __temporary_stack_top$libspace           0x1fffe09c   Data           0  libspace.o(.bss)
    Image$$ARM_LIB_HEAP$$ZI$$Limit           0x1fffe49c   Number         0  anon$$obj.o ABSOLUTE
    Image$$ARM_LIB_STACK$$ZI$$Limit          0x20006000   Number         0  anon$$obj.o ABSOLUTE



==============================================================================

Memory Map of the image

  Image Entry point : 0x000004b5

  Load Region LR_m_text (Base: 0x00000000, Size: 0x00002cb4, Max: 0x00040000, ABSOLUTE)

    Execution Region VECTOR_ROM (Exec base: 0x00000000, Load base: 0x00000000, Size: 0x000000c0, Max: 0x00000200, ABSOLUTE)

    Exec Addr    Load Addr    Size         Type   Attr      Idx    E Section Name        Object

    0x00000000   0x00000000   0x000000c0   Data   RO          340    RESET               startup_mkl46z4.o


    Execution Region ER_m_flash_config (Exec base: 0x00000400, Load base: 0x00000400, Size: 0x00000010, Max: 0x00000010, ABSOLUTE, FIXED)

    Exec Addr    Load Addr    Size         Type   Attr      Idx    E Section Name        Object

    0x00000400   0x00000400   0x00000010   Data   RO          341    FlashConfig         startup_mkl46z4.o


    Execution Region ER_m_text (Exec base: 0x00000410, Load base: 0x00000410, Size: 0x00002868, Max: 0x0003fbf0, ABSOLUTE)

    Exec Addr    Load Addr    Size         Type   Attr      Idx    E Section Name        Object

    0x00000410   0x00000410   0x00000008   Code   RO          404  * !!!main             c_p.l(__main.o)
    0x00000418   0x00000418   0x0000003c   Code   RO          675    !!!scatter          c_p.l(__scatter.o)
    0x00000454   0x00000454   0x0000001a   Code   RO          677    !!handler_copy      c_p.l(__scatter_copy.o)
    0x0000046e   0x0000046e   0x00000002   PAD
    0x00000470   0x00000470   0x0000001c   Code   RO          679    !!handler_zi        c_p.l(__scatter_zi.o)
    0x0000048c   0x0000048c   0x00000002   Code   RO          539    .ARM.Collect$$libinit$$00000000  c_p.l(libinit.o)
    0x0000048e   0x0000048e   0x00000000   Code   RO          554    .ARM.Collect$$libinit$$00000002  c_p.l(libinit2.o)
    0x0000048e   0x0000048e   0x00000000   Code   RO          556    .ARM.Collect$$libinit$$00000004  c_p.l(libinit2.o)
    0x0000048e   0x0000048e   0x00000000   Code   RO          559    .ARM.Collect$$libinit$$0000000A  c_p.l(libinit2.o)
    0x0000048e   0x0000048e   0x00000000   Code   RO          561    .ARM.Collect$$libinit$$0000000C  c_p.l(libinit2.o)
    0x0000048e   0x0000048e   0x00000000   Code   RO          563    .ARM.Collect$$libinit$$0000000E  c_p.l(libinit2.o)
    0x0000048e   0x0000048e   0x00000000   Code   RO          566    .ARM.Collect$$libinit$$00000011  c_p.l(libinit2.o)
    0x0000048e   0x0000048e   0x00000000   Code   RO          568    .ARM.Collect$$libinit$$00000013  c_p.l(libinit2.o)
    0x0000048e   0x0000048e   0x00000000   Code   RO          570    .ARM.Collect$$libinit$$00000015  c_p.l(libinit2.o)
    0x0000048e   0x0000048e   0x00000000   Code   RO          572    .ARM.Collect$$libinit$$00000017  c_p.l(libinit2.o)
    0x0000048e   0x0000048e   0x00000000   Code   RO          574    .ARM.Collect$$libinit$$00000019  c_p.l(libinit2.o)
    0x0000048e   0x0000048e   0x00000000   Code   RO          576    .ARM.Collect$$libinit$$0000001B  c_p.l(libinit2.o)
    0x0000048e   0x0000048e   0x00000000   Code   RO          578    .ARM.Collect$$libinit$$0000001D  c_p.l(libinit2.o)
    0x0000048e   0x0000048e   0x00000000   Code   RO          580    .ARM.Collect$$libinit$$0000001F  c_p.l(libinit2.o)
    0x0000048e   0x0000048e   0x00000000   Code   RO          582    .ARM.Collect$$libinit$$00000021  c_p.l(libinit2.o)
    0x0000048e   0x0000048e   0x00000000   Code   RO          584    .ARM.Collect$$libinit$$00000023  c_p.l(libinit2.o)
    0x0000048e   0x0000048e   0x00000000   Code   RO          586    .ARM.Collect$$libinit$$00000025  c_p.l(libinit2.o)
    0x0000048e   0x0000048e   0x00000000   Code   RO          590    .ARM.Collect$$libinit$$0000002C  c_p.l(libinit2.o)
    0x0000048e   0x0000048e   0x00000000   Code   RO          592    .ARM.Collect$$libinit$$0000002E  c_p.l(libinit2.o)
    0x0000048e   0x0000048e   0x00000000   Code   RO          594    .ARM.Collect$$libinit$$00000030  c_p.l(libinit2.o)
    0x0000048e   0x0000048e   0x00000000   Code   RO          596    .ARM.Collect$$libinit$$00000032  c_p.l(libinit2.o)
    0x0000048e   0x0000048e   0x00000002   Code   RO          597    .ARM.Collect$$libinit$$00000033  c_p.l(libinit2.o)
    0x00000490   0x00000490   0x00000002   Code   RO          632    .ARM.Collect$$libshutdown$$00000000  c_p.l(libshutdown.o)
    0x00000492   0x00000492   0x00000000   Code   RO          658    .ARM.Collect$$libshutdown$$00000002  c_p.l(libshutdown2.o)
    0x00000492   0x00000492   0x00000000   Code   RO          660    .ARM.Collect$$libshutdown$$00000004  c_p.l(libshutdown2.o)
    0x00000492   0x00000492   0x00000000   Code   RO          663    .ARM.Collect$$libshutdown$$00000007  c_p.l(libshutdown2.o)
    0x00000492   0x00000492   0x00000000   Code   RO          666    .ARM.Collect$$libshutdown$$0000000A  c_p.l(libshutdown2.o)
    0x00000492   0x00000492   0x00000000   Code   RO          668    .ARM.Collect$$libshutdown$$0000000C  c_p.l(libshutdown2.o)
    0x00000492   0x00000492   0x00000000   Code   RO          671    .ARM.Collect$$libshutdown$$0000000F  c_p.l(libshutdown2.o)
    0x00000492   0x00000492   0x00000002   Code   RO          672    .ARM.Collect$$libshutdown$$00000010  c_p.l(libshutdown2.o)
    0x00000494   0x00000494   0x00000000   Code   RO          454    .ARM.Collect$$rtentry$$00000000  c_p.l(__rtentry.o)
    0x00000494   0x00000494   0x00000000   Code   RO          492    .ARM.Collect$$rtentry$$00000002  c_p.l(__rtentry2.o)
    0x00000494   0x00000494   0x00000004   Code   RO          506    .ARM.Collect$$rtentry$$00000007  c_p.l(__rtentry7.o)
    0x00000498   0x00000498   0x00000000   Code   RO          494    .ARM.Collect$$rtentry$$00000009  c_p.l(__rtentry2.o)
    0x00000498   0x00000498   0x00000004   Code   RO          495    .ARM.Collect$$rtentry$$0000000A  c_p.l(__rtentry2.o)
    0x0000049c   0x0000049c   0x00000000   Code   RO          497    .ARM.Collect$$rtentry$$0000000C  c_p.l(__rtentry2.o)
    0x0000049c   0x0000049c   0x00000008   Code   RO          498    .ARM.Collect$$rtentry$$0000000D  c_p.l(__rtentry2.o)
    0x000004a4   0x000004a4   0x00000004   Code   RO          507    .ARM.Collect$$rtentry$$00002718  c_p.l(__rtentry7.o)
    0x000004a8   0x000004a8   0x00000002   Code   RO          545    .ARM.Collect$$rtexit$$00000000  c_p.l(rtexit.o)
    0x000004aa   0x000004aa   0x00000000   Code   RO          608    .ARM.Collect$$rtexit$$00000002  c_p.l(rtexit2.o)
    0x000004aa   0x000004aa   0x00000004   Code   RO          609    .ARM.Collect$$rtexit$$00000003  c_p.l(rtexit2.o)
    0x000004ae   0x000004ae   0x00000006   Code   RO          610    .ARM.Collect$$rtexit$$00000004  c_p.l(rtexit2.o)
    0x000004b4   0x000004b4   0x0000009c   Code   RO          342  * .text               startup_mkl46z4.o
    0x00000550   0x00000550   0x0000015a   Code   RO          400    .text               c_p.l(aeabi_sdiv.o)
    0x000006aa   0x000006aa   0x00000002   PAD
    0x000006ac   0x000006ac   0x0000007c   Code   RO          406    .text               fz_ps.l(d2f.o)
    0x00000728   0x00000728   0x00000358   Code   RO          408    .text               fz_ps.l(daddsub.o)
    0x00000a80   0x00000a80   0x00000448   Code   RO          410    .text               fz_ps.l(ddiv.o)
    0x00000ec8   0x00000ec8   0x00000248   Code   RO          413    .text               fz_ps.l(dmul.o)
    0x00001110   0x00001110   0x00000054   Code   RO          417    .text               fz_ps.l(f2d.o)
    0x00001164   0x00001164   0x0000004c   Code   RO          422    .text               fz_ps.l(ffixi.o)
    0x000011b0   0x000011b0   0x0000005e   Code   RO          426    .text               fz_ps.l(fflti.o)
    0x0000120e   0x0000120e   0x00000016   Code   RO          459    .text               c_p.l(_rserrno.o)
    0x00001224   0x00001224   0x00000090   Code   RO          461    .text               fz_ps.l(dcmpin.o)
    0x000012b4   0x000012b4   0x00000058   Code   RO          463    .text               fz_ps.l(dflti.o)
    0x0000130c   0x0000130c   0x00000060   Code   RO          467    .text               fz_ps.l(dscalbn.o)
    0x0000136c   0x0000136c   0x00000100   Code   RO          469    .text               fz_ps.l(dsqrt.o)
    0x0000146c   0x0000146c   0x00000008   Code   RO          516    .text               c_p.l(rt_errno_addr_intlibspace.o)
    0x00001474   0x00001474   0x0000002e   Code   RO          518    .text               fz_ps.l(cmpret.o)
    0x000014a2   0x000014a2   0x00000002   PAD
    0x000014a4   0x000014a4   0x00000014   Code   RO          520    .text               fz_ps.l(dnan2.o)
    0x000014b8   0x000014b8   0x00000010   Code   RO          528    .text               c_p.l(exit.o)
    0x000014c8   0x000014c8   0x0000005e   Code   RO          540    .text               fz_ps.l(retnan.o)
    0x00001526   0x00001526   0x00000002   PAD
    0x00001528   0x00001528   0x0000000c   Code   RO          602    .text               c_p.l(sys_exit.o)
    0x00001534   0x00001534   0x00000002   Code   RO          604    .text               c_p.l(use_no_semi.o)
    0x00001536   0x00001536   0x00000000   Code   RO          606    .text               c_p.l(indicate_semi.o)
    0x00001536   0x00001536   0x00000002   PAD
    0x00001538   0x00001538   0x0000001c   Code   RO            5    i.Delay             main.o
    0x00001554   0x00001554   0x00000218   Code   RO            6    i.DisplayCurrentMag  main.o
    0x0000176c   0x0000176c   0x00000020   Code   RO          235    i.I2CWait           i2c.o
    0x0000178c   0x0000178c   0x00000018   Code   RO          236    i.I2C_Get_Ack       i2c.o
    0x000017a4   0x000017a4   0x0000003c   Code   RO          237    i.InitI2C           i2c.o
    0x000017e0   0x000017e0   0x00000088   Code   RO          124    i.SegLCD_DisplayDecimal  lcd.o
    0x00001868   0x00001868   0x00000044   Code   RO          125    i.SegLCD_DisplayError  lcd.o
    0x000018ac   0x000018ac   0x000000f0   Code   RO          128    i.SegLCD_Init       lcd.o
    0x0000199c   0x0000199c   0x000001f8   Code   RO          129    i.SegLCD_Set        lcd.o
    0x00001b94   0x00001b94   0x0000004c   Code   RO            8    i.SysTick_Handler   main.o
    0x00001be0   0x00001be0   0x00000058   Code   RO            9    i.SystemClockConfiguration  main.o
    0x00001c38   0x00001c38   0x00000014   Code   RO          349    i.SystemInit        system_mkl46z4.o
    0x00001c4c   0x00001c4c   0x00000002   Code   RO          350    i.SystemInitHook    system_mkl46z4.o
    0x00001c4e   0x00001c4e   0x00000002   PAD
    0x00001c50   0x00001c50   0x0000000c   Code   RO          238    i.WriteToI2C        i2c.o
    0x00001c5c   0x00001c5c   0x0000002c   Code   RO          486    i.__ARM_fpclassify  m_ps.l(fpclassify.o)
    0x00001c88   0x00001c88   0x000000ac   Code   RO          488    i.__kernel_poly     m_ps.l(poly.o)
    0x00001d34   0x00001d34   0x00000014   Code   RO          472    i.__mathlib_dbl_divzero  m_ps.l(dunder.o)
    0x00001d48   0x00001d48   0x00000008   Code   RO          474    i.__mathlib_dbl_infnan2  m_ps.l(dunder.o)
    0x00001d50   0x00001d50   0x00000010   Code   RO          475    i.__mathlib_dbl_invalid  m_ps.l(dunder.o)
    0x00001d60   0x00001d60   0x00000014   Code   RO          476    i.__mathlib_dbl_overflow  m_ps.l(dunder.o)
    0x00001d74   0x00001d74   0x00000014   Code   RO          478    i.__mathlib_dbl_underflow  m_ps.l(dunder.o)
    0x00001d88   0x00001d88   0x000000c8   Code   RO          429    i.ceil              m_ps.l(ceil.o)
    0x00001e50   0x00001e50   0x000000c8   Code   RO          433    i.floor             m_ps.l(floor.o)
    0x00001f18   0x00001f18   0x00000020   Code   RO           11    i.init_SysTick_interrupt  main.o
    0x00001f38   0x00001f38   0x00000010   Code   RO           12    i.initial           main.o
    0x00001f48   0x00001f48   0x00000020   Code   RO          193    i.mag_init          mag.o
    0x00001f68   0x00001f68   0x0000009c   Code   RO          194    i.mag_read          mag.o
    0x00002004   0x00002004   0x0000006c   Code   RO          195    i.mag_set           mag.o
    0x00002070   0x00002070   0x00000010   Code   RO           13    i.main              main.o
    0x00002080   0x00002080   0x0000000e   Code   RO          196    i.pause             mag.o
    0x0000208e   0x0000208e   0x00000002   PAD
    0x00002090   0x00002090   0x000009fc   Code   RO          437    i.pow               m_ps.l(pow.o)
    0x00002a8c   0x00002a8c   0x00000048   Code   RO          447    i.sqrt              m_ps.l(sqrt.o)
    0x00002ad4   0x00002ad4   0x00000068   Code   RO          415    x$fpl$drleqf        fz_ps.l(drlef.o)
    0x00002b3c   0x00002b3c   0x00000000   Code   RO          471    x$fpl$usenofp       fz_ps.l(usenofp.o)
    0x00002b3c   0x00002b3c   0x0000000c   Data   RO          130    .constdata          lcd.o
    0x00002b48   0x00002b48   0x00000080   Data   RO          411    .constdata          fz_ps.l(ddiv.o)
    0x00002bc8   0x00002bc8   0x00000088   Data   RO          438    .constdata          m_ps.l(pow.o)
    0x00002c50   0x00002c50   0x00000008   Data   RO          490    .constdata          m_ps.l(qnan.o)
    0x00002c58   0x00002c58   0x00000020   Data   RO          673    Region$$Table       anon$$obj.o


    Execution Region RW_m_data (Exec base: 0x1fffe000, Load base: 0x00002c78, Size: 0x0000009c, Max: 0x00007800, ABSOLUTE)

    Exec Addr    Load Addr    Size         Type   Attr      Idx    E Section Name        Object

    0x1fffe000   0x00002c78   0x00000038   Data   RW           14    .data               main.o
    0x1fffe038   0x00002cb0   0x00000004   Data   RW          351    .data               system_mkl46z4.o
    0x1fffe03c        -       0x00000060   Zero   RW          523    .bss                c_p.l(libspace.o)


    Execution Region ARM_LIB_HEAP (Exec base: 0x1fffe09c, Load base: 0x00002cb4, Size: 0x00000400, Max: 0x00000400, ABSOLUTE)

    Exec Addr    Load Addr    Size         Type   Attr      Idx    E Section Name        Object

    0x1fffe09c        -       0x00000400   Zero   RW            1    ARM_LIB_HEAP.bss    anon$$obj.o


    Execution Region ARM_LIB_STACK (Exec base: 0x20005c00, Load base: 0x00002cb4, Size: 0x00000400, Max: 0x00000400, ABSOLUTE)

    Exec Addr    Load Addr    Size         Type   Attr      Idx    E Section Name        Object

    0x20005c00        -       0x00000400   Zero   RW            2    ARM_LIB_STACK.bss   anon$$obj.o


==============================================================================

Image component sizes


      Code (inc. data)   RO Data    RW Data    ZI Data      Debug   Object Name

       128         28          0          0          0       1431   i2c.o
       948         68         12          0          0       2669   lcd.o
       310         12          0          0          0       1724   mag.o
       792         86          0         56          0       8427   main.o
       156         70        208          0          0       1144   startup_mkl46z4.o
        22          6          0          4          0       1056   system_mkl46z4.o

    ----------------------------------------------------------------------
      2360        270        252         60       2048      16451   Object Totals
         0          0         32          0       2048          0   (incl. Generated)
         4          0          0          0          0          0   (incl. Padding)

    ----------------------------------------------------------------------

      Code (inc. data)   RO Data    RW Data    ZI Data      Debug   Library Member Name

         8          0          0          0          0         68   __main.o
         0          0          0          0          0          0   __rtentry.o
        12          0          0          0          0          0   __rtentry2.o
         8          4          0          0          0          0   __rtentry7.o
        60          8          0          0          0          0   __scatter.o
        26          0          0          0          0          0   __scatter_copy.o
        28          0          0          0          0          0   __scatter_zi.o
        22          0          0          0          0         92   _rserrno.o
       346          0          0          0          0         92   aeabi_sdiv.o
        16          0          0          0          0         68   exit.o
         0          0          0          0          0          0   indicate_semi.o
         2          0          0          0          0          0   libinit.o
         2          0          0          0          0          0   libinit2.o
         2          0          0          0          0          0   libshutdown.o
         2          0          0          0          0          0   libshutdown2.o
         0          0          0          0         96          0   libspace.o
         8          4          0          0          0         68   rt_errno_addr_intlibspace.o
         2          0          0          0          0          0   rtexit.o
        10          0          0          0          0          0   rtexit2.o
        12          4          0          0          0         60   sys_exit.o
         2          0          0          0          0         68   use_no_semi.o
        46          0          0          0          0         60   cmpret.o
       124          4          0          0          0         72   d2f.o
       856         20          0          0          0        208   daddsub.o
       144          4          0          0          0         76   dcmpin.o
      1096         26        128          0          0        112   ddiv.o
        88          0          0          0          0         92   dflti.o
       584         26          0          0          0         84   dmul.o
        20          6          0          0          0         68   dnan2.o
       104          4          0          0          0        104   drlef.o
        96         12          0          0          0         72   dscalbn.o
       256          8          0          0          0         76   dsqrt.o
        84          4          0          0          0         60   f2d.o
        76          0          0          0          0         68   ffixi.o
        94          0          0          0          0         92   fflti.o
        94          0          0          0          0         68   retnan.o
         0          0          0          0          0          0   usenofp.o
       200         20          0          0          0         76   ceil.o
        84         14          0          0          0        340   dunder.o
       200         20          0          0          0         76   floor.o
        44          4          0          0          0         60   fpclassify.o
       172          0          0          0          0         76   poly.o
      2556        196        136          0          0        240   pow.o
         0          0          8          0          0          0   qnan.o
        72          6          0          0          0         76   sqrt.o

    ----------------------------------------------------------------------
      7668        394        272          0         96       2772   Library Totals
        10          0          0          0          0          0   (incl. Padding)

    ----------------------------------------------------------------------

      Code (inc. data)   RO Data    RW Data    ZI Data      Debug   Library Name

       568         20          0          0         96        516   c_p.l
      3762        114        128          0          0       1312   fz_ps.l
      3328        260        144          0          0        944   m_ps.l

    ----------------------------------------------------------------------
      7668        394        272          0         96       2772   Library Totals

    ----------------------------------------------------------------------

==============================================================================


      Code (inc. data)   RO Data    RW Data    ZI Data      Debug   

     10028        664        524         60       2144      17187   Grand Totals
     10028        664        524         60       2144      17187   ELF Image Totals
     10028        664        524         60          0          0   ROM Totals

==============================================================================

    Total RO  Size (Code + RO Data)                10552 (  10.30kB)
    Total RW  Size (RW Data + ZI Data)              2204 (   2.15kB)
    Total ROM Size (Code + RO Data + RW Data)      10612 (  10.36kB)

==============================================================================

